Archive member included to satisfy reference by file (symbol)

C:/ST/STM32CubeIDE_1.19.0/STM32CubeIDE/plugins/com.st.stm32cube.ide.mcu.externaltools.gnu-tools-for-stm32.13.3.rel1.win32_1.0.0.202411081344/tools/bin/../lib/gcc/arm-none-eabi/13.3.1/../../../../arm-none-eabi/lib/thumb/v7e-m+fp/hard\libc_nano.a(libc_a-exit.o)
                              C:/ST/STM32CubeIDE_1.19.0/STM32CubeIDE/plugins/com.st.stm32cube.ide.mcu.externaltools.gnu-tools-for-stm32.13.3.rel1.win32_1.0.0.202411081344/tools/bin/../lib/gcc/arm-none-eabi/13.3.1/../../../../arm-none-eabi/lib/thumb/v7e-m+fp/hard/crt0.o (exit)
C:/ST/STM32CubeIDE_1.19.0/STM32CubeIDE/plugins/com.st.stm32cube.ide.mcu.externaltools.gnu-tools-for-stm32.13.3.rel1.win32_1.0.0.202411081344/tools/bin/../lib/gcc/arm-none-eabi/13.3.1/../../../../arm-none-eabi/lib/thumb/v7e-m+fp/hard\libc_nano.a(libc_a-findfp.o)
                              ./Middlewares/Third_Party/FreeRTOS/Source/tasks.o (__sf)
C:/ST/STM32CubeIDE_1.19.0/STM32CubeIDE/plugins/com.st.stm32cube.ide.mcu.externaltools.gnu-tools-for-stm32.13.3.rel1.win32_1.0.0.202411081344/tools/bin/../lib/gcc/arm-none-eabi/13.3.1/../../../../arm-none-eabi/lib/thumb/v7e-m+fp/hard\libc_nano.a(libc_a-fwalk.o)
                              C:/ST/STM32CubeIDE_1.19.0/STM32CubeIDE/plugins/com.st.stm32cube.ide.mcu.externaltools.gnu-tools-for-stm32.13.3.rel1.win32_1.0.0.202411081344/tools/bin/../lib/gcc/arm-none-eabi/13.3.1/../../../../arm-none-eabi/lib/thumb/v7e-m+fp/hard\libc_nano.a(libc_a-findfp.o) (_fwalk_sglue)
C:/ST/STM32CubeIDE_1.19.0/STM32CubeIDE/plugins/com.st.stm32cube.ide.mcu.externaltools.gnu-tools-for-stm32.13.3.rel1.win32_1.0.0.202411081344/tools/bin/../lib/gcc/arm-none-eabi/13.3.1/../../../../arm-none-eabi/lib/thumb/v7e-m+fp/hard\libc_nano.a(libc_a-stdio.o)
                              C:/ST/STM32CubeIDE_1.19.0/STM32CubeIDE/plugins/com.st.stm32cube.ide.mcu.externaltools.gnu-tools-for-stm32.13.3.rel1.win32_1.0.0.202411081344/tools/bin/../lib/gcc/arm-none-eabi/13.3.1/../../../../arm-none-eabi/lib/thumb/v7e-m+fp/hard\libc_nano.a(libc_a-findfp.o) (__sread)
C:/ST/STM32CubeIDE_1.19.0/STM32CubeIDE/plugins/com.st.stm32cube.ide.mcu.externaltools.gnu-tools-for-stm32.13.3.rel1.win32_1.0.0.202411081344/tools/bin/../lib/gcc/arm-none-eabi/13.3.1/../../../../arm-none-eabi/lib/thumb/v7e-m+fp/hard\libc_nano.a(libc_a-memset.o)
                              C:/ST/STM32CubeIDE_1.19.0/STM32CubeIDE/plugins/com.st.stm32cube.ide.mcu.externaltools.gnu-tools-for-stm32.13.3.rel1.win32_1.0.0.202411081344/tools/bin/../lib/gcc/arm-none-eabi/13.3.1/../../../../arm-none-eabi/lib/thumb/v7e-m+fp/hard/crt0.o (memset)
C:/ST/STM32CubeIDE_1.19.0/STM32CubeIDE/plugins/com.st.stm32cube.ide.mcu.externaltools.gnu-tools-for-stm32.13.3.rel1.win32_1.0.0.202411081344/tools/bin/../lib/gcc/arm-none-eabi/13.3.1/../../../../arm-none-eabi/lib/thumb/v7e-m+fp/hard\libc_nano.a(libc_a-closer.o)
                              C:/ST/STM32CubeIDE_1.19.0/STM32CubeIDE/plugins/com.st.stm32cube.ide.mcu.externaltools.gnu-tools-for-stm32.13.3.rel1.win32_1.0.0.202411081344/tools/bin/../lib/gcc/arm-none-eabi/13.3.1/../../../../arm-none-eabi/lib/thumb/v7e-m+fp/hard\libc_nano.a(libc_a-stdio.o) (_close_r)
C:/ST/STM32CubeIDE_1.19.0/STM32CubeIDE/plugins/com.st.stm32cube.ide.mcu.externaltools.gnu-tools-for-stm32.13.3.rel1.win32_1.0.0.202411081344/tools/bin/../lib/gcc/arm-none-eabi/13.3.1/../../../../arm-none-eabi/lib/thumb/v7e-m+fp/hard\libc_nano.a(libc_a-reent.o)
                              ./Middlewares/Third_Party/FreeRTOS/Source/tasks.o (_reclaim_reent)
C:/ST/STM32CubeIDE_1.19.0/STM32CubeIDE/plugins/com.st.stm32cube.ide.mcu.externaltools.gnu-tools-for-stm32.13.3.rel1.win32_1.0.0.202411081344/tools/bin/../lib/gcc/arm-none-eabi/13.3.1/../../../../arm-none-eabi/lib/thumb/v7e-m+fp/hard\libc_nano.a(libc_a-impure.o)
                              ./Middlewares/Third_Party/FreeRTOS/Source/tasks.o (_impure_ptr)
C:/ST/STM32CubeIDE_1.19.0/STM32CubeIDE/plugins/com.st.stm32cube.ide.mcu.externaltools.gnu-tools-for-stm32.13.3.rel1.win32_1.0.0.202411081344/tools/bin/../lib/gcc/arm-none-eabi/13.3.1/../../../../arm-none-eabi/lib/thumb/v7e-m+fp/hard\libc_nano.a(libc_a-lseekr.o)
                              C:/ST/STM32CubeIDE_1.19.0/STM32CubeIDE/plugins/com.st.stm32cube.ide.mcu.externaltools.gnu-tools-for-stm32.13.3.rel1.win32_1.0.0.202411081344/tools/bin/../lib/gcc/arm-none-eabi/13.3.1/../../../../arm-none-eabi/lib/thumb/v7e-m+fp/hard\libc_nano.a(libc_a-stdio.o) (_lseek_r)
C:/ST/STM32CubeIDE_1.19.0/STM32CubeIDE/plugins/com.st.stm32cube.ide.mcu.externaltools.gnu-tools-for-stm32.13.3.rel1.win32_1.0.0.202411081344/tools/bin/../lib/gcc/arm-none-eabi/13.3.1/../../../../arm-none-eabi/lib/thumb/v7e-m+fp/hard\libc_nano.a(libc_a-readr.o)
[...]
Memory Configuration

Name             Origin             Length             Attributes
RAM              0x20000000         0x00020000         xrw
RAM2             0x10000000         0x00008000         xrw
FLASH            0x08000000         0x00080000         xr
*default*        0x00000000         0xffffffff

Linker script and memory map

LOAD C:/ST/STM32CubeIDE_1.19.0/STM32CubeIDE/plugins/com.st.stm32cube.ide.mcu.externaltools.gnu-tools-for-stm32.13.3.rel1.win32_1.0.0.202411081344/tools/bin/../lib/gcc/arm-none-eabi/13.3.1/thumb/v7e-m+fp/hard/crti.o
LOAD C:/ST/STM32CubeIDE_1.19.0/STM32CubeIDE/plugins/com.st.stm32cube.ide.mcu.externaltools.gnu-tools-for-stm32.13.3.rel1.win32_1.0.0.202411081344/tools/bin/../lib/gcc/arm-none-eabi/13.3.1/thumb/v7e-m+fp/hard/crtbegin.o
LOAD C:/ST/STM32CubeIDE_1.19.0/STM32CubeIDE/plugins/com.st.stm32cube.ide.mcu.externaltools.gnu-tools-for-stm32.13.3.rel1.win32_1.0.0.202411081344/tools/bin/../lib/gcc/arm-none-eabi/13.3.1/../../../../arm-none-eabi/lib/thumb/v7e-m+fp/hard/crt0.o
LOAD ./Core/Src/freertos.o
LOAD ./Core/Src/main.o
LOAD ./Core/Src/stm32l4xx_hal_msp.o
LOAD ./Core/Src/stm32l4xx_hal_timebase_tim.o
LOAD ./Core/Src/stm32l4xx_it.o
LOAD ./Core/Src/syscalls.o
LOAD ./Core/Src/sysmem.o
LOAD ./Core/Src/system_stm32l4xx.o
LOAD ./Core/Startup/startup_stm32l452retxp.o
LOAD ./Drivers/STM32L4xx_HAL_Driver/Src/stm32l4xx_hal.o
LOAD ./Drivers/STM32L4xx_HAL_Driver/Src/stm32l4xx_hal_cortex.o
LOAD ./Drivers/STM32L4xx_HAL_Driver/Src/stm32l4xx_hal_dma.o
LOAD ./Drivers/STM32L4xx_HAL_Driver/Src/stm32l4xx_hal_dma_ex.o
LOAD ./Drivers/STM32L4xx_HAL_Driver/Src/stm32l4xx_hal_exti.o
LOAD ./Drivers/STM32L4xx_HAL_Driver/Src/stm32l4xx_hal_flash.o
LOAD ./Drivers/STM32L4xx_HAL_Driver/Src/stm32l4xx_hal_flash_ex.o
LOAD ./Drivers/STM32L4xx_HAL_Driver/Src/stm32l4xx_hal_flash_ramfunc.o
LOAD ./Drivers/STM32L4xx_HAL_Driver/Src/stm32l4xx_hal_gpio.o
LOAD ./Drivers/STM32L4xx_HAL_Driver/Src/stm32l4xx_hal_i2c.o
LOAD ./Drivers/STM32L4xx_HAL_Driver/Src/stm32l4xx_hal_i2c_ex.o
LOAD ./Drivers/STM32L4xx_HAL_Driver/Src/stm32l4xx_hal_pwr.o
LOAD ./Drivers/STM32L4xx_HAL_Driver/Src/stm32l4xx_hal_pwr_ex.o
LOAD ./Drivers/STM32L4xx_HAL_Driver/Src/stm32l4xx_hal_rcc.o
LOAD ./Drivers/STM32L4xx_HAL_Driver/Src/stm32l4xx_hal_rcc_ex.o
LOAD ./Drivers/STM32L4xx_HAL_Driver/Src/stm32l4xx_hal_tim.o
LOAD ./Drivers/STM32L4xx_HAL_Driver/Src/stm32l4xx_hal_tim_ex.o
LOAD ./Drivers/STM32L4xx_HAL_Driver/Src/stm32l4xx_hal_uart.o
LOAD ./Drivers/STM32L4xx_HAL_Driver/Src/stm32l4xx_hal_uart_ex.o
LOAD ./Middlewares/Third_Party/FreeRTOS/Source/CMSIS_RTOS_V2/cmsis_os2.o
LOAD ./Middlewares/Third_Party/FreeRTOS/Source/croutine.o
LOAD ./Middlewares/Third_Party/FreeRTOS/Source/event_groups.o
LOAD ./Middlewares/Third_Party/FreeRTOS/Source/list.o
LOAD ./Middlewares/Third_Party/FreeRTOS/Source/queue.o
LOAD ./Middlewares/Third_Party/FreeRTOS/Source/stream_buffer.o
LOAD ./Middlewares/Third_Party/FreeRTOS/Source/tasks.o
LOAD ./Middlewares/Third_Party/FreeRTOS/Source/timers.o
LOAD ./Middlewares/Third_Party/FreeRTOS/Source/portable/GCC/ARM_CM4F/port.o
LOAD ./Middlewares/Third_Party/FreeRTOS/Source/portable/MemMang/heap_4.o
START GROUP
LOAD C:/ST/STM32CubeIDE_1.19.0/STM32CubeIDE/plugins/com.st.stm32cube.ide.mcu.externaltools.gnu-tools-for-stm32.13.3.rel1.win32_1.0.0.202411081344/tools/bin/../lib/gcc/arm-none-eabi/13.3.1/../../../../arm-none-eabi/lib/thumb/v7e-m+fp/hard\libc_nano.a
LOAD C:/ST/STM32CubeIDE_1.19.0/STM32CubeIDE/plugins/com.st.stm32cube.ide.mcu.externaltools.gnu-tools-for-stm32.13.3.rel1.win32_1.0.0.202411081344/tools/bin/../lib/gcc/arm-none-eabi/13.3.1/../../../../arm-none-eabi/lib/thumb/v7e-m+fp/hard\libm.a
END GROUP
START GROUP
LOAD C:/ST/STM32CubeIDE_1.19.0/STM32CubeIDE/plugins/com.st.stm32cube.ide.mcu.externaltools.gnu-tools-for-stm32.13.3.rel1.win32_1.0.0.202411081344/tools/bin/../lib/gcc/arm-none-eabi/13.3.1/thumb/v7e-m+fp/hard\libgcc.a
LOAD C:/ST/STM32CubeIDE_1.19.0/STM32CubeIDE/plugins/com.st.stm32cube.ide.mcu.externaltools.gnu-tools-for-stm32.13.3.rel1.win32_1.0.0.202411081344/tools/bin/../lib/gcc/arm-none-eabi/13.3.1/../../../../arm-none-eabi/lib/thumb/v7e-m+fp/hard\libc_nano.a
END GROUP
START GROUP
LOAD C:/ST/STM32CubeIDE_1.19.0/STM32CubeIDE/plugins/com.st.stm32cube.ide.mcu.externaltools.gnu-tools-for-stm32.13.3.rel1.win32_1.0.0.202411081344/tools/bin/../lib/gcc/arm-none-eabi/13.3.1/thumb/v7e-m+fp/hard\libgcc.a
LOAD C:/ST/STM32CubeIDE_1.19.0/STM32CubeIDE/plugins/com.st.stm32cube.ide.mcu.externaltools.gnu-tools-for-stm32.13.3.rel1.win32_1.0.0.202411081344/tools/bin/../lib/gcc/arm-none-eabi/13.3.1/../../../../arm-none-eabi/lib/thumb/v7e-m+fp/hard\libc_nano.a
LOAD C:/ST/STM32CubeIDE_1.19.0/STM32CubeIDE/plugins/com.st.stm32cube.ide.mcu.externaltools.gnu-tools-for-stm32.13.3.rel1.win32_1.0.0.202411081344/tools/bin/../lib/gcc/arm-none-eabi/13.3.1/../../../../arm-none-eabi/lib/thumb/v7e-m+fp/hard\libnosys.a
END GROUP
START GROUP
LOAD C:/ST/STM32CubeIDE_1.19.0/STM32CubeIDE/plugins/com.st.stm32cube.ide.mcu.externaltools.gnu-tools-for-stm32.13.3.rel1.win32_1.0.0.202411081344/tools/bin/../lib/gcc/arm-none-eabi/13.3.1/thumb/v7e-m+fp/hard\libgcc.a
LOAD C:/ST/STM32CubeIDE_1.19.0/STM32CubeIDE/plugins/com.st.stm32cube.ide.mcu.externaltools.gnu-tools-for-stm32.13.3.rel1.win32_1.0.0.202411081344/tools/bin/../lib/gcc/arm-none-eabi/13.3.1/../../../../arm-none-eabi/lib/thumb/v7e-m+fp/hard\libc_nano.a
LOAD C:/ST/STM32CubeIDE_1.19.0/STM32CubeIDE/plugins/com.st.stm32cube.ide.mcu.externaltools.gnu-tools-for-stm32.13.3.rel1.win32_1.0.0.202411081344/tools/bin/../lib/gcc/arm-none-eabi/13.3.1/../../../../arm-none-eabi/lib/thumb/v7e-m+fp/hard\libnosys.a
END GROUP
LOAD C:/ST/STM32CubeIDE_1.19.0/STM32CubeIDE/plugins/com.st.stm32cube.ide.mcu.externaltools.gnu-tools-for-stm32.13.3.rel1.win32_1.0.0.202411081344/tools/bin/../lib/gcc/arm-none-eabi/13.3.1/thumb/v7e-m+fp/hard/crtend.o
LOAD C:/ST/STM32CubeIDE_1.19.0/STM32CubeIDE/plugins/com.st.stm32cube.ide.mcu.externaltools.gnu-tools-for-stm32.13.3.rel1.win32_1.0.0.202411081344/tools/bin/../lib/gcc/arm-none-eabi/13.3.1/thumb/v7e-m+fp/hard/crtn.o
                0x20020000                        _estack = (ORIGIN (RAM) + LENGTH (RAM))
                0x00000200                        _Min_Heap_Size = 0x200
                0x00000400                        _Min_Stack_Size = 0x400

.isr_vector     0x08000000      0x194
                0x08000000                        . = ALIGN (0x4)
 *(.isr_vector)
 .isr_vector    0x08000000      0x194 ./Core/Startup/startup_stm32l452retxp.o
                0x08000000                g_pfnVectors
                0x08000194                        . = ALIGN (0x4)

.text           0x080001a0     0xb090
                0x080001a0                        . = ALIGN (0x4)
 *(.text)
 .text          0x080001a0       0x40 C:/ST/STM32CubeIDE_1.19.0/STM32CubeIDE/plugins/com.st.stm32cube.ide.mcu.externaltools.gnu-tools-for-stm32.13.3.rel1.win32_1.0.0.202411081344/tools/bin/../lib/gcc/arm-none-eabi/13.3.1/thumb/v7e-m+fp/hard/crtbegin.o
 .text          0x080001e0      0x254 C:/ST/STM32CubeIDE_1.19.0/STM32CubeIDE/plugins/com.st.stm32cube.ide.mcu.externaltools.gnu-tools-for-stm32.13.3.rel1.win32_1.0.0.202411081344/tools/bin/../lib/gcc/arm-none-eabi/13.3.1/thumb/v7e-m+fp/hard\libgcc.a(_arm_muldf3.o)
                0x080001e0                __muldf3
                0x080001e0                __aeabi_dmul
 .text          0x08000434      0x378 C:/ST/STM32CubeIDE_1.19.0/STM32CubeIDE/plugins/com.st.stm32cube.ide.mcu.externaltools.gnu-tools-for-stm32.13.3.rel1.win32_1.0.0.202411081344/tools/bin/../lib/gcc/arm-none-eabi/13.3.1/thumb/v7e-m+fp/hard\libgcc.a(_arm_addsubdf3.o)
                0x08000434                __aeabi_drsub
                0x0800043c                __aeabi_dsub
                0x0800043c                __subdf3
                0x08000440                __aeabi_dadd
                0x08000440                __adddf3
                0x080006b8                __floatunsidf
                0x080006b8                __aeabi_ui2d
                0x080006d8                __floatsidf
                0x080006d8                __aeabi_i2d
                0x080006fc                __aeabi_f2d
                0x080006fc                __extendsfdf2
                0x08000740                __floatundidf
                0x08000740                __aeabi_ul2d
                0x08000750                __floatdidf
                0x08000750                __aeabi_l2d
 .text          0x080007ac       0xa0 C:/ST/STM32CubeIDE_1.19.0/STM32CubeIDE/plugins/com.st.stm32cube.ide.mcu.externaltools.gnu-tools-for-stm32.13.3.rel1.win32_1.0.0.202411081344/tools/bin/../lib/gcc/arm-none-eabi/13.3.1/thumb/v7e-m+fp/hard\libgcc.a(_arm_truncdfsf2.o)
                0x080007ac                __truncdfsf2
                0x080007ac                __aeabi_d2f
 .text          0x0800084c       0x30 C:/ST/STM32CubeIDE_1.19.0/STM32CubeIDE/plugins/com.st.stm32cube.ide.mcu.externaltools.gnu-tools-for-stm32.13.3.rel1.win32_1.0.0.202411081344/tools/bin/../lib/gcc/arm-none-eabi/13.3.1/thumb/v7e-m+fp/hard\libgcc.a(_aeabi_uldivmod.o)
                0x0800084c                __aeabi_uldivmod
 .text          0x0800087c      0x2f8 C:/ST/STM32CubeIDE_1.19.0/STM32CubeIDE/plugins/com.st.stm32cube.ide.mcu.externaltools.gnu-tools-for-stm32.13.3.rel1.win32_1.0.0.202411081344/tools/bin/../lib/gcc/arm-none-eabi/13.3.1/thumb/v7e-m+fp/hard\libgcc.a(_udivmoddi4.o)
                0x0800087c                __udivmoddi4
 .text          0x08000b74        0x4 C:/ST/STM32CubeIDE_1.19.0/STM32CubeIDE/plugins/com.st.stm32cube.ide.mcu.externaltools.gnu-tools-for-stm32.13.3.rel1.win32_1.0.0.202411081344/tools/bin/../lib/gcc/arm-none-eabi/13.3.1/thumb/v7e-m+fp/hard\libgcc.a(_dvmd_tls.o)
                0x08000b74                __aeabi_idiv0
                0x08000b74                __aeabi_ldiv0
 *(.text*)
 .text.main     0x08000b78      0x1b0 ./Core/Src/main.o
                0x08000b78                main
 .text.SystemClock_Config
                0x08000d28       0xa2 ./Core/Src/main.o
                0x08000d28                SystemClock_Config
 *fill*         0x08000dca        0x2 
 .text.MX_TIM1_Init
                0x08000dcc      0x1a0 ./Core/Src/main.o
 .text.MX_TIM2_Init
                0x08000f6c      0x124 ./Core/Src/main.o
 .text.MX_TIM3_Init
                0x08001090       0x9c ./Core/Src/main.o
 .text.MX_TIM15_Init
                0x0800112c      0x144 ./Core/Src/main.o
 .text.MX_UART4_Init
                0x08001270       0x60 ./Core/Src/main.o
 .text.MX_GPIO_Init
                0x080012d0      0x168 ./Core/Src/main.o
 .text.InitializeServo
                0x08001438       0x24 ./Core/Src/main.o
                0x08001438                InitializeServo
 .text.InitializeMotorAtts
                0x0800145c      0x104 ./Core/Src/main.o
                0x0800145c                InitializeMotorAtts
 .text.HAL_TIM_IC_CaptureCallback
                0x08001560      0x120 ./Core/Src/main.o
                0x08001560                HAL_TIM_IC_CaptureCallback
 .text.HAL_UART_RxCpltCallback
                0x08001680      0x3a0 ./Core/Src/main.o
                0x08001680                HAL_UART_RxCpltCallback
 .text.StartDefaultTask
                0x08001a20       0xa8 ./Core/Src/main.o
                0x08001a20                StartDefaultTask
 .text.TransmitTask
                0x08001ac8      0x160 ./Core/Src/main.o
                0x08001ac8                TransmitTask
 .text.ReadDistanceTask
                0x08001c28      0x154 ./Core/Src/main.o
                0x08001c28                ReadDistanceTask
 .text.HAL_TIM_PeriodElapsedCallback
                0x08001d7c       0x24 ./Core/Src/main.o
                0x08001d7c                HAL_TIM_PeriodElapsedCallback
 .text.Error_Handler
                0x08001da0        0xc ./Core/Src/main.o
                0x08001da0                Error_Handler
 .text.HAL_MspInit
                0x08001dac       0x50 ./Core/Src/stm32l4xx_hal_msp.o
                0x08001dac                HAL_MspInit
 .text.HAL_TIM_Base_MspInit
                0x08001dfc      0x158 ./Core/Src/stm32l4xx_hal_msp.o
                0x08001dfc                HAL_TIM_Base_MspInit
 .text.HAL_TIM_MspPostInit
                0x08001f54       0xbc ./Core/Src/stm32l4xx_hal_msp.o
                0x08001f54                HAL_TIM_MspPostInit
 .text.HAL_UART_MspInit
                0x08002010       0xc8 ./Core/Src/stm32l4xx_hal_msp.o
                0x08002010                HAL_UART_MspInit
 .text.HAL_InitTick
                0x080020d8       0xf4 ./Core/Src/stm32l4xx_hal_timebase_tim.o
                0x080020d8                HAL_InitTick
 .text.NMI_Handler
                0x080021cc        0x8 ./Core/Src/stm32l4xx_it.o
                0x080021cc                NMI_Handler
 .text.HardFault_Handler
                0x080021d4        0x8 ./Core/Src/stm32l4xx_it.o
                0x080021d4                HardFault_Handler
 .text.MemManage_Handler
                0x080021dc        0x8 ./Core/Src/stm32l4xx_it.o
                0x080021dc                MemManage_Handler
 .text.BusFault_Handler
                0x080021e4        0x8 ./Core/Src/stm32l4xx_it.o
                0x080021e4                BusFault_Handler
 .text.UsageFault_Handler
                0x080021ec        0x8 ./Core/Src/stm32l4xx_it.o
                0x080021ec                UsageFault_Handler
 .text.DebugMon_Handler
                0x080021f4        0xe ./Core/Src/stm32l4xx_it.o
                0x080021f4                DebugMon_Handler
 *fill*         0x08002202        0x2 
 .text.TIM1_CC_IRQHandler
                0x08002204       0x14 ./Core/Src/stm32l4xx_it.o
                0x08002204                TIM1_CC_IRQHandler
 .text.TIM2_IRQHandler
                0x08002218       0x14 ./Core/Src/stm32l4xx_it.o
                0x08002218                TIM2_IRQHandler
 .text.EXTI15_10_IRQHandler
                0x0800222c       0x10 ./Core/Src/stm32l4xx_it.o
                0x0800222c                EXTI15_10_IRQHandler
 .text.UART4_IRQHandler
                0x0800223c       0x14 ./Core/Src/stm32l4xx_it.o
                0x0800223c                UART4_IRQHandler
 .text.TIM6_DAC_IRQHandler
                0x08002250       0x14 ./Core/Src/stm32l4xx_it.o
                0x08002250                TIM6_DAC_IRQHandler
 .text.SystemInit
                0x08002264       0x24 ./Core/Src/system_stm32l4xx.o
                0x08002264                SystemInit
 .text.Reset_Handler
                0x08002288       0x50 ./Core/Startup/startup_stm32l452retxp.o
                0x08002288                Reset_Handler
 .text.Default_Handler
                0x080022d8        0x2 ./Core/Startup/startup_stm32l452retxp.o
                0x080022d8                RTC_Alarm_IRQHandler
                0x080022d8                EXTI2_IRQHandler
                0x080022d8                TSC_IRQHandler
                0x080022d8                TAMP_STAMP_IRQHandler
                0x080022d8                EXTI3_IRQHandler
                0x080022d8                LPTIM2_IRQHandler
                0x080022d8                DFSDM1_FLT1_IRQHandler
                0x080022d8                I2C3_ER_IRQHandler
                0x080022d8                EXTI0_IRQHandler
                0x080022d8                I2C2_EV_IRQHandler
                0x080022d8                CAN1_RX0_IRQHandler
                0x080022d8                FPU_IRQHandler
                0x080022d8                TIM1_UP_TIM16_IRQHandler
                0x080022d8                SPI1_IRQHandler
                0x080022d8                DMA2_Channel2_IRQHandler
                0x080022d8                DMA1_Channel4_IRQHandler
                0x080022d8                ADC1_IRQHandler
                0x080022d8                USART3_IRQHandler
                0x080022d8                DMA1_Channel7_IRQHandler
                0x080022d8                CAN1_RX1_IRQHandler
                0x080022d8                DMA2_Channel1_IRQHandler
                0x080022d8                QUADSPI_IRQHandler
                0x080022d8                I2C1_EV_IRQHandler
                0x080022d8                DMA1_Channel6_IRQHandler
                0x080022d8                DMA2_Channel4_IRQHandler
                0x080022d8                TIM3_IRQHandler
                0x080022d8                RCC_IRQHandler
                0x080022d8                TIM1_TRG_COM_IRQHandler
                0x080022d8                DMA1_Channel1_IRQHandler
                0x080022d8                Default_Handler
                0x080022d8                DMA2_Channel7_IRQHandler
                0x080022d8                SDMMC1_IRQHandler
                0x080022d8                I2C3_EV_IRQHandler
                0x080022d8                USB_IRQHandler
                0x080022d8                EXTI9_5_IRQHandler
                0x080022d8                RTC_WKUP_IRQHandler
                0x080022d8                PVD_PVM_IRQHandler
                0x080022d8                SPI2_IRQHandler
                0x080022d8                CAN1_TX_IRQHandler
                0x080022d8                DMA2_Channel5_IRQHandler
                0x080022d8                CRS_IRQHandler
                0x080022d8                DMA1_Channel5_IRQHandler
                0x080022d8                EXTI4_IRQHandler
                0x080022d8                RNG_IRQHandler
                0x080022d8                DMA1_Channel3_IRQHandler
                0x080022d8                COMP_IRQHandler
                0x080022d8                WWDG_IRQHandler
                0x080022d8                I2C4_EV_IRQHandler
                0x080022d8                LPUART1_IRQHandler
                0x080022d8                DMA2_Channel6_IRQHandler
                0x080022d8                EXTI1_IRQHandler
                0x080022d8                USART2_IRQHandler
                0x080022d8                DFSDM1_FLT0_IRQHandler
                0x080022d8                I2C2_ER_IRQHandler
                0x080022d8                DMA1_Channel2_IRQHandler
                0x080022d8                CAN1_SCE_IRQHandler
                0x080022d8                FLASH_IRQHandler
                0x080022d8                USART1_IRQHandler
                0x080022d8                SPI3_IRQHandler
                0x080022d8                I2C1_ER_IRQHandler
                0x080022d8                LPTIM1_IRQHandler
                0x080022d8                I2C4_ER_IRQHandler
                0x080022d8                SAI1_IRQHandler
                0x080022d8                DMA2_Channel3_IRQHandler
                0x080022d8                TIM1_BRK_TIM15_IRQHandler
 *fill*         0x080022da        0x2 
 .text.HAL_Init
                0x080022dc       0x40 ./Drivers/STM32L4xx_HAL_Driver/Src/stm32l4xx_hal.o
                0x080022dc                HAL_Init
 .text.HAL_IncTick
                0x0800231c       0x28 ./Drivers/STM32L4xx_HAL_Driver/Src/stm32l4xx_hal.o
                0x0800231c                HAL_IncTick
 .text.HAL_GetTick
                0x08002344       0x18 ./Drivers/STM32L4xx_HAL_Driver/Src/stm32l4xx_hal.o
                0x08002344                HAL_GetTick
 .text.__NVIC_SetPriorityGrouping
                0x0800235c       0x48 ./Drivers/STM32L4xx_HAL_Driver/Src/stm32l4xx_hal_cortex.o
 .text.__NVIC_GetPriorityGrouping
                0x080023a4       0x1c ./Drivers/STM32L4xx_HAL_Driver/Src/stm32l4xx_hal_cortex.o
 .text.__NVIC_EnableIRQ
                0x080023c0       0x3c ./Drivers/STM32L4xx_HAL_Driver/Src/stm32l4xx_hal_cortex.o
 .text.__NVIC_SetPriority
                0x080023fc       0x54 ./Drivers/STM32L4xx_HAL_Driver/Src/stm32l4xx_hal_cortex.o
 .text.NVIC_EncodePriority
                0x08002450       0x66 ./Drivers/STM32L4xx_HAL_Driver/Src/stm32l4xx_hal_cortex.o
 .text.HAL_NVIC_SetPriorityGrouping
                0x080024b6       0x16 ./Drivers/STM32L4xx_HAL_Driver/Src/stm32l4xx_hal_cortex.o
                0x080024b6                HAL_NVIC_SetPriorityGrouping
 .text.HAL_NVIC_SetPriority
                0x080024cc       0x38 ./Drivers/STM32L4xx_HAL_Driver/Src/stm32l4xx_hal_cortex.o
                0x080024cc                HAL_NVIC_SetPriority
 .text.HAL_NVIC_EnableIRQ
                0x08002504       0x1c ./Drivers/STM32L4xx_HAL_Driver/Src/stm32l4xx_hal_cortex.o
                0x08002504                HAL_NVIC_EnableIRQ
 .text.HAL_DMA_Abort
                0x08002520       0x82 ./Drivers/STM32L4xx_HAL_Driver/Src/stm32l4xx_hal_dma.o
                0x08002520                HAL_DMA_Abort
 .text.HAL_DMA_Abort_IT
                0x080025a2       0x82 ./Drivers/STM32L4xx_HAL_Driver/Src/stm32l4xx_hal_dma.o
                0x080025a2                HAL_DMA_Abort_IT
 .text.HAL_GPIO_Init
                0x08002624      0x2f4 ./Drivers/STM32L4xx_HAL_Driver/Src/stm32l4xx_hal_gpio.o
                0x08002624                HAL_GPIO_Init
 .text.HAL_GPIO_ReadPin
                0x08002918       0x30 ./Drivers/STM32L4xx_HAL_Driver/Src/stm32l4xx_hal_gpio.o
                0x08002918                HAL_GPIO_ReadPin
 .text.HAL_GPIO_WritePin
                0x08002948       0x30 ./Drivers/STM32L4xx_HAL_Driver/Src/stm32l4xx_hal_gpio.o
                0x08002948                HAL_GPIO_WritePin
 .text.HAL_GPIO_TogglePin
                0x08002978       0x34 ./Drivers/STM32L4xx_HAL_Driver/Src/stm32l4xx_hal_gpio.o
                0x08002978                HAL_GPIO_TogglePin
 .text.HAL_GPIO_EXTI_IRQHandler
                0x080029ac       0x30 ./Drivers/STM32L4xx_HAL_Driver/Src/stm32l4xx_hal_gpio.o
                0x080029ac                HAL_GPIO_EXTI_IRQHandler
 .text.HAL_GPIO_EXTI_Callback
                0x080029dc       0x16 ./Drivers/STM32L4xx_HAL_Driver/Src/stm32l4xx_hal_gpio.o
                0x080029dc                HAL_GPIO_EXTI_Callback
 *fill*         0x080029f2        0x2 
 .text.HAL_PWREx_GetVoltageRange
                0x080029f4       0x1c ./Drivers/STM32L4xx_HAL_Driver/Src/stm32l4xx_hal_pwr_ex.o
                0x080029f4                HAL_PWREx_GetVoltageRange
 .text.HAL_PWREx_ControlVoltageScaling
                0x08002a10       0xac ./Drivers/STM32L4xx_HAL_Driver/Src/stm32l4xx_hal_pwr_ex.o
                0x08002a10                HAL_PWREx_ControlVoltageScaling
 .text.HAL_RCC_OscConfig
                0x08002abc      0x828 ./Drivers/STM32L4xx_HAL_Driver/Src/stm32l4xx_hal_rcc.o
                0x08002abc                HAL_RCC_OscConfig
 .text.HAL_RCC_ClockConfig
                0x080032e4      0x200 ./Drivers/STM32L4xx_HAL_Driver/Src/stm32l4xx_hal_rcc.o
                0x080032e4                HAL_RCC_ClockConfig
 .text.HAL_RCC_GetSysClockFreq
                0x080034e4      0x118 ./Drivers/STM32L4xx_HAL_Driver/Src/stm32l4xx_hal_rcc.o
                0x080034e4                HAL_RCC_GetSysClockFreq
 .text.HAL_RCC_GetHCLKFreq
                0x080035fc       0x18 ./Drivers/STM32L4xx_HAL_Driver/Src/stm32l4xx_hal_rcc.o
                0x080035fc                HAL_RCC_GetHCLKFreq
 .text.HAL_RCC_GetPCLK1Freq
                0x08003614       0x2c ./Drivers/STM32L4xx_HAL_Driver/Src/stm32l4xx_hal_rcc.o
                0x08003614                HAL_RCC_GetPCLK1Freq
 .text.HAL_RCC_GetPCLK2Freq
                0x08003640       0x2c ./Drivers/STM32L4xx_HAL_Driver/Src/stm32l4xx_hal_rcc.o
                0x08003640                HAL_RCC_GetPCLK2Freq
 .text.HAL_RCC_GetClockConfig
                0x0800366c       0x64 ./Drivers/STM32L4xx_HAL_Driver/Src/stm32l4xx_hal_rcc.o
                0x0800366c                HAL_RCC_GetClockConfig
 .text.RCC_SetFlashLatencyFromMSIRange
                0x080036d0       0xc0 ./Drivers/STM32L4xx_HAL_Driver/Src/stm32l4xx_hal_rcc.o
 .text.HAL_RCCEx_PeriphCLKConfig
                0x08003790      0x4d8 ./Drivers/STM32L4xx_HAL_Driver/Src/stm32l4xx_hal_rcc_ex.o
                0x08003790                HAL_RCCEx_PeriphCLKConfig
 .text.RCCEx_PLLSAI1_Config
                0x08003c68      0x1e4 ./Drivers/STM32L4xx_HAL_Driver/Src/stm32l4xx_hal_rcc_ex.o
 .text.HAL_TIM_Base_Init
                0x08003e4c       0xc8 ./Drivers/STM32L4xx_HAL_Driver/Src/stm32l4xx_hal_tim.o
                0x08003e4c                HAL_TIM_Base_Init
 .text.HAL_TIM_Base_Start
                0x08003f14       0xa8 ./Drivers/STM32L4xx_HAL_Driver/Src/stm32l4xx_hal_tim.o
                0x08003f14                HAL_TIM_Base_Start
 .text.HAL_TIM_Base_Start_IT
                0x08003fbc       0xb8 ./Drivers/STM32L4xx_HAL_Driver/Src/stm32l4xx_hal_tim.o
                0x08003fbc                HAL_TIM_Base_Start_IT
 .text.HAL_TIM_PWM_Init
                0x08004074       0xc8 ./Drivers/STM32L4xx_HAL_Driver/Src/stm32l4xx_hal_tim.o
                0x08004074                HAL_TIM_PWM_Init
 .text.HAL_TIM_PWM_MspInit
                0x0800413c       0x14 ./Drivers/STM32L4xx_HAL_Driver/Src/stm32l4xx_hal_tim.o
                0x0800413c                HAL_TIM_PWM_MspInit
 .text.HAL_TIM_PWM_Start
                0x08004150      0x1cc ./Drivers/STM32L4xx_HAL_Driver/Src/stm32l4xx_hal_tim.o
                0x08004150                HAL_TIM_PWM_Start
 .text.HAL_TIM_IC_Init
                0x0800431c       0xc8 ./Drivers/STM32L4xx_HAL_Driver/Src/stm32l4xx_hal_tim.o
                0x0800431c                HAL_TIM_IC_Init
 .text.HAL_TIM_IC_MspInit
                0x080043e4       0x14 ./Drivers/STM32L4xx_HAL_Driver/Src/stm32l4xx_hal_tim.o
                0x080043e4                HAL_TIM_IC_MspInit
 .text.HAL_TIM_IC_Start_IT
                0x080043f8      0x268 ./Drivers/STM32L4xx_HAL_Driver/Src/stm32l4xx_hal_tim.o
                0x080043f8                HAL_TIM_IC_Start_IT
 .text.HAL_TIM_IRQHandler
                0x08004660      0x252 ./Drivers/STM32L4xx_HAL_Driver/Src/stm32l4xx_hal_tim.o
                0x08004660                HAL_TIM_IRQHandler
 .text.HAL_TIM_IC_ConfigChannel
                0x080048b2      0x138 ./Drivers/STM32L4xx_HAL_Driver/Src/stm32l4xx_hal_tim.o
                0x080048b2                HAL_TIM_IC_ConfigChannel
 *fill*         0x080049ea        0x2 
 .text.HAL_TIM_PWM_ConfigChannel
                0x080049ec      0x228 ./Drivers/STM32L4xx_HAL_Driver/Src/stm32l4xx_hal_tim.o
                0x080049ec                HAL_TIM_PWM_ConfigChannel
 .text.HAL_TIM_ConfigClockSource
                0x08004c14      0x192 ./Drivers/STM32L4xx_HAL_Driver/Src/stm32l4xx_hal_tim.o
                0x08004c14                HAL_TIM_ConfigClockSource
 .text.HAL_TIM_PeriodElapsedHalfCpltCallback
                0x08004da6       0x14 ./Drivers/STM32L4xx_HAL_Driver/Src/stm32l4xx_hal_tim.o
                0x08004da6                HAL_TIM_PeriodElapsedHalfCpltCallback
 .text.HAL_TIM_OC_DelayElapsedCallback
                0x08004dba       0x14 ./Drivers/STM32L4xx_HAL_Driver/Src/stm32l4xx_hal_tim.o
                0x08004dba                HAL_TIM_OC_DelayElapsedCallback
 .text.HAL_TIM_IC_CaptureHalfCpltCallback
                0x08004dce       0x14 ./Drivers/STM32L4xx_HAL_Driver/Src/stm32l4xx_hal_tim.o
                0x08004dce                HAL_TIM_IC_CaptureHalfCpltCallback
 .text.HAL_TIM_PWM_PulseFinishedCallback
                0x08004de2       0x14 ./Drivers/STM32L4xx_HAL_Driver/Src/stm32l4xx_hal_tim.o
                0x08004de2                HAL_TIM_PWM_PulseFinishedCallback
 .text.HAL_TIM_PWM_PulseFinishedHalfCpltCallback
                0x08004df6       0x14 ./Drivers/STM32L4xx_HAL_Driver/Src/stm32l4xx_hal_tim.o
                0x08004df6                HAL_TIM_PWM_PulseFinishedHalfCpltCallback
 .text.HAL_TIM_TriggerCallback
                0x08004e0a       0x14 ./Drivers/STM32L4xx_HAL_Driver/Src/stm32l4xx_hal_tim.o
                0x08004e0a                HAL_TIM_TriggerCallback
 .text.HAL_TIM_TriggerHalfCpltCallback
                0x08004e1e       0x14 ./Drivers/STM32L4xx_HAL_Driver/Src/stm32l4xx_hal_tim.o
                0x08004e1e                HAL_TIM_TriggerHalfCpltCallback
 .text.HAL_TIM_ErrorCallback
                0x08004e32       0x14 ./Drivers/STM32L4xx_HAL_Driver/Src/stm32l4xx_hal_tim.o
                0x08004e32                HAL_TIM_ErrorCallback
 *fill*         0x08004e46        0x2 
 .text.TIM_Base_SetConfig
                0x08004e48       0xe8 ./Drivers/STM32L4xx_HAL_Driver/Src/stm32l4xx_hal_tim.o
                0x08004e48                TIM_Base_SetConfig
 .text.TIM_OC1_SetConfig
                0x08004f30       0xfc ./Drivers/STM32L4xx_HAL_Driver/Src/stm32l4xx_hal_tim.o
 .text.TIM_OC2_SetConfig
                0x0800502c       0xf8 ./Drivers/STM32L4xx_HAL_Driver/Src/stm32l4xx_hal_tim.o
                0x0800502c                TIM_OC2_SetConfig
 .text.TIM_OC3_SetConfig
                0x08005124       0xf4 ./Drivers/STM32L4xx_HAL_Driver/Src/stm32l4xx_hal_tim.o
 .text.TIM_OC4_SetConfig
                0x08005218       0xbc ./Drivers/STM32L4xx_HAL_Driver/Src/stm32l4xx_hal_tim.o
 .text.TIM_OC5_SetConfig
                0x080052d4       0xb0 ./Drivers/STM32L4xx_HAL_Driver/Src/stm32l4xx_hal_tim.o
 .text.TIM_OC6_SetConfig
                0x08005384       0xb4 ./Drivers/STM32L4xx_HAL_Driver/Src/stm32l4xx_hal_tim.o
 .text.TIM_TI1_SetConfig
                0x08005438       0xe0 ./Drivers/STM32L4xx_HAL_Driver/Src/stm32l4xx_hal_tim.o
                0x08005438                TIM_TI1_SetConfig
 .text.TIM_TI1_ConfigInputStage
                0x08005518       0x90 ./Drivers/STM32L4xx_HAL_Driver/Src/stm32l4xx_hal_tim.o
 .text.TIM_TI2_SetConfig
                0x080055a8       0x94 ./Drivers/STM32L4xx_HAL_Driver/Src/stm32l4xx_hal_tim.o
 .text.TIM_TI2_ConfigInputStage
                0x0800563c       0x78 ./Drivers/STM32L4xx_HAL_Driver/Src/stm32l4xx_hal_tim.o
 .text.TIM_TI3_SetConfig
                0x080056b4       0x90 ./Drivers/STM32L4xx_HAL_Driver/Src/stm32l4xx_hal_tim.o
 .text.TIM_TI4_SetConfig
                0x08005744       0x7a ./Drivers/STM32L4xx_HAL_Driver/Src/stm32l4xx_hal_tim.o
 .text.TIM_ITRx_SetConfig
                0x080057be       0x36 ./Drivers/STM32L4xx_HAL_Driver/Src/stm32l4xx_hal_tim.o
 .text.TIM_ETR_SetConfig
                0x080057f4       0x40 ./Drivers/STM32L4xx_HAL_Driver/Src/stm32l4xx_hal_tim.o
                0x080057f4                TIM_ETR_SetConfig
 .text.TIM_CCxChannelCmd
                0x08005834       0x4a ./Drivers/STM32L4xx_HAL_Driver/Src/stm32l4xx_hal_tim.o
                0x08005834                TIM_CCxChannelCmd
 *fill*         0x0800587e        0x2 
 .text.TIM_ResetCallback
                0x08005880       0xbc ./Drivers/STM32L4xx_HAL_Driver/Src/stm32l4xx_hal_tim.o
                0x08005880                TIM_ResetCallback
 .text.HAL_TIMEx_MasterConfigSynchronization
                0x0800593c       0xdc ./Drivers/STM32L4xx_HAL_Driver/Src/stm32l4xx_hal_tim_ex.o
                0x0800593c                HAL_TIMEx_MasterConfigSynchronization
 .text.HAL_TIMEx_ConfigBreakDeadTime
                0x08005a18       0xf0 ./Drivers/STM32L4xx_HAL_Driver/Src/stm32l4xx_hal_tim_ex.o
                0x08005a18                HAL_TIMEx_ConfigBreakDeadTime
 .text.HAL_TIMEx_CommutCallback
                0x08005b08       0x14 ./Drivers/STM32L4xx_HAL_Driver/Src/stm32l4xx_hal_tim_ex.o
                0x08005b08                HAL_TIMEx_CommutCallback
 .text.HAL_TIMEx_CommutHalfCpltCallback
                0x08005b1c       0x14 ./Drivers/STM32L4xx_HAL_Driver/Src/stm32l4xx_hal_tim_ex.o
                0x08005b1c                HAL_TIMEx_CommutHalfCpltCallback
 .text.HAL_TIMEx_BreakCallback
                0x08005b30       0x14 ./Drivers/STM32L4xx_HAL_Driver/Src/stm32l4xx_hal_tim_ex.o
                0x08005b30                HAL_TIMEx_BreakCallback
 .text.HAL_TIMEx_Break2Callback
                0x08005b44       0x14 ./Drivers/STM32L4xx_HAL_Driver/Src/stm32l4xx_hal_tim_ex.o
                0x08005b44                HAL_TIMEx_Break2Callback
 .text.HAL_UART_Init
                0x08005b58       0xbc ./Drivers/STM32L4xx_HAL_Driver/Src/stm32l4xx_hal_uart.o
                0x08005b58                HAL_UART_Init
 .text.HAL_UART_Transmit
                0x08005c14      0x126 ./Drivers/STM32L4xx_HAL_Driver/Src/stm32l4xx_hal_uart.o
                0x08005c14                HAL_UART_Transmit
 *fill*         0x08005d3a        0x2 
 .text.HAL_UART_Receive_IT
                0x08005d3c       0x98 ./Drivers/STM32L4xx_HAL_Driver/Src/stm32l4xx_hal_uart.o
                0x08005d3c                HAL_UART_Receive_IT
 .text.HAL_UART_IRQHandler
                0x08005dd4      0x628 ./Drivers/STM32L4xx_HAL_Driver/Src/stm32l4xx_hal_uart.o
                0x08005dd4                HAL_UART_IRQHandler
 .text.HAL_UART_TxCpltCallback
                0x080063fc       0x14 ./Drivers/STM32L4xx_HAL_Driver/Src/stm32l4xx_hal_uart.o
                0x080063fc                HAL_UART_TxCpltCallback
 .text.HAL_UART_TxHalfCpltCallback
                0x08006410       0x14 ./Drivers/STM32L4xx_HAL_Driver/Src/stm32l4xx_hal_uart.o
                0x08006410                HAL_UART_TxHalfCpltCallback
 .text.HAL_UART_RxHalfCpltCallback
                0x08006424       0x14 ./Drivers/STM32L4xx_HAL_Driver/Src/stm32l4xx_hal_uart.o
                0x08006424                HAL_UART_RxHalfCpltCallback
 .text.HAL_UART_ErrorCallback
                0x08006438       0x14 ./Drivers/STM32L4xx_HAL_Driver/Src/stm32l4xx_hal_uart.o
                0x08006438                HAL_UART_ErrorCallback
 .text.HAL_UART_AbortCpltCallback
                0x0800644c       0x14 ./Drivers/STM32L4xx_HAL_Driver/Src/stm32l4xx_hal_uart.o
                0x0800644c                HAL_UART_AbortCpltCallback
 .text.HAL_UART_AbortTransmitCpltCallback
                0x08006460       0x14 ./Drivers/STM32L4xx_HAL_Driver/Src/stm32l4xx_hal_uart.o
                0x08006460                HAL_UART_AbortTransmitCpltCallback
 .text.HAL_UART_AbortReceiveCpltCallback
                0x08006474       0x14 ./Drivers/STM32L4xx_HAL_Driver/Src/stm32l4xx_hal_uart.o
                0x08006474                HAL_UART_AbortReceiveCpltCallback
 .text.HAL_UARTEx_RxEventCallback
                0x08006488       0x18 ./Drivers/STM32L4xx_HAL_Driver/Src/stm32l4xx_hal_uart.o
                0x08006488                HAL_UARTEx_RxEventCallback
 .text.UART_InitCallbacksToDefault
                0x080064a0       0x8c ./Drivers/STM32L4xx_HAL_Driver/Src/stm32l4xx_hal_uart.o
                0x080064a0                UART_InitCallbacksToDefault
 .text.UART_SetConfig
                0x0800652c      0x50c ./Drivers/STM32L4xx_HAL_Driver/Src/stm32l4xx_hal_uart.o
                0x0800652c                UART_SetConfig
 .text.UART_AdvFeatureConfig
                0x08006a38      0x144 ./Drivers/STM32L4xx_HAL_Driver/Src/stm32l4xx_hal_uart.o
                0x08006a38                UART_AdvFeatureConfig
 .text.UART_CheckIdleState
                0x08006b7c      0x150 ./Drivers/STM32L4xx_HAL_Driver/Src/stm32l4xx_hal_uart.o
                0x08006b7c                UART_CheckIdleState
 .text.UART_WaitOnFlagUntilTimeout
                0x08006ccc       0xda ./Drivers/STM32L4xx_HAL_Driver/Src/stm32l4xx_hal_uart.o
                0x08006ccc                UART_WaitOnFlagUntilTimeout
 *fill*         0x08006da6        0x2 
 .text.UART_Start_Receive_IT
                0x08006da8      0x18c ./Drivers/STM32L4xx_HAL_Driver/Src/stm32l4xx_hal_uart.o
                0x08006da8                UART_Start_Receive_IT
 .text.UART_EndRxTransfer
                0x08006f34       0xc8 ./Drivers/STM32L4xx_HAL_Driver/Src/stm32l4xx_hal_uart.o
 .text.UART_DMAAbortOnError
                0x08006ffc       0x20 ./Drivers/STM32L4xx_HAL_Driver/Src/stm32l4xx_hal_uart.o
 .text.UART_EndTransmit_IT
                0x0800701c       0x58 ./Drivers/STM32L4xx_HAL_Driver/Src/stm32l4xx_hal_uart.o
 .text.UART_RxISR_8BIT
                0x08007074      0x1c0 ./Drivers/STM32L4xx_HAL_Driver/Src/stm32l4xx_hal_uart.o
 .text.UART_RxISR_16BIT
                0x08007234      0x1c0 ./Drivers/STM32L4xx_HAL_Driver/Src/stm32l4xx_hal_uart.o
 .text.HAL_UARTEx_WakeupCallback
                0x080073f4       0x14 ./Drivers/STM32L4xx_HAL_Driver/Src/stm32l4xx_hal_uart_ex.o
                0x080073f4                HAL_UARTEx_WakeupCallback
 .text.__NVIC_SetPriority
                0x08007408       0x54 ./Middlewares/Third_Party/FreeRTOS/Source/CMSIS_RTOS_V2/cmsis_os2.o
 .text.SysTick_Handler
                0x0800745c       0x20 ./Middlewares/Third_Party/FreeRTOS/Source/CMSIS_RTOS_V2/cmsis_os2.o
                0x0800745c                SysTick_Handler
 .text.SVC_Setup
                0x0800747c       0x12 ./Middlewares/Third_Party/FreeRTOS/Source/CMSIS_RTOS_V2/cmsis_os2.o
 *fill*         0x0800748e        0x2 
 .text.osKernelInitialize
                0x08007490       0x48 ./Middlewares/Third_Party/FreeRTOS/Source/CMSIS_RTOS_V2/cmsis_os2.o
                0x08007490                osKernelInitialize
 .text.osKernelStart
                0x080074d8       0x4c ./Middlewares/Third_Party/FreeRTOS/Source/CMSIS_RTOS_V2/cmsis_os2.o
                0x080074d8                osKernelStart
 .text.osThreadNew
                0x08007524      0x124 ./Middlewares/Third_Party/FreeRTOS/Source/CMSIS_RTOS_V2/cmsis_os2.o
                0x08007524                osThreadNew
 .text.osDelay  0x08007648       0x36 ./Middlewares/Third_Party/FreeRTOS/Source/CMSIS_RTOS_V2/cmsis_os2.o
                0x08007648                osDelay
 .text.osEventFlagsNew
                0x0800767e       0x7e ./Middlewares/Third_Party/FreeRTOS/Source/CMSIS_RTOS_V2/cmsis_os2.o
                0x0800767e                osEventFlagsNew
 .text.osEventFlagsSet
                0x080076fc       0x84 ./Middlewares/Third_Party/FreeRTOS/Source/CMSIS_RTOS_V2/cmsis_os2.o
                0x080076fc                osEventFlagsSet
 .text.osEventFlagsClear
                0x08007780       0x62 ./Middlewares/Third_Party/FreeRTOS/Source/CMSIS_RTOS_V2/cmsis_os2.o
                0x08007780                osEventFlagsClear
 .text.osEventFlagsGet
                0x080077e2       0x42 ./Middlewares/Third_Party/FreeRTOS/Source/CMSIS_RTOS_V2/cmsis_os2.o
                0x080077e2                osEventFlagsGet
 .text.osSemaphoreNew
                0x08007824      0x112 ./Middlewares/Third_Party/FreeRTOS/Source/CMSIS_RTOS_V2/cmsis_os2.o
                0x08007824                osSemaphoreNew
 *fill*         0x08007936        0x2 
 .text.osSemaphoreAcquire
                0x08007938       0xa4 ./Middlewares/Third_Party/FreeRTOS/Source/CMSIS_RTOS_V2/cmsis_os2.o
                0x08007938                osSemaphoreAcquire
 .text.osSemaphoreRelease
                0x080079dc       0x88 ./Middlewares/Third_Party/FreeRTOS/Source/CMSIS_RTOS_V2/cmsis_os2.o
                0x080079dc                osSemaphoreRelease
 .text.vApplicationGetIdleTaskMemory
                0x08007a64       0x34 ./Middlewares/Third_Party/FreeRTOS/Source/CMSIS_RTOS_V2/cmsis_os2.o
                0x08007a64                vApplicationGetIdleTaskMemory
 .text.vApplicationGetTimerTaskMemory
                0x08007a98       0x34 ./Middlewares/Third_Party/FreeRTOS/Source/CMSIS_RTOS_V2/cmsis_os2.o
                0x08007a98                vApplicationGetTimerTaskMemory
 .text.xEventGroupCreateStatic
                0x08007acc       0x72 ./Middlewares/Third_Party/FreeRTOS/Source/event_groups.o
                0x08007acc                xEventGroupCreateStatic
 .text.xEventGroupCreate
                0x08007b3e       0x34 ./Middlewares/Third_Party/FreeRTOS/Source/event_groups.o
                0x08007b3e                xEventGroupCreate
 .text.xEventGroupClearBits
                0x08007b72       0x72 ./Middlewares/Third_Party/FreeRTOS/Source/event_groups.o
                0x08007b72                xEventGroupClearBits
 .text.xEventGroupClearBitsFromISR
                0x08007be4       0x28 ./Middlewares/Third_Party/FreeRTOS/Source/event_groups.o
                0x08007be4                xEventGroupClearBitsFromISR
 .text.xEventGroupGetBitsFromISR
                0x08007c0c       0x48 ./Middlewares/Third_Party/FreeRTOS/Source/event_groups.o
                0x08007c0c                xEventGroupGetBitsFromISR
 .text.xEventGroupSetBits
                0x08007c54      0x118 ./Middlewares/Third_Party/FreeRTOS/Source/event_groups.o
                0x08007c54                xEventGroupSetBits
 .text.vEventGroupSetBitsCallback
                0x08007d6c       0x1a ./Middlewares/Third_Party/FreeRTOS/Source/event_groups.o
                0x08007d6c                vEventGroupSetBitsCallback
 .text.vEventGroupClearBitsCallback
                0x08007d86       0x1a ./Middlewares/Third_Party/FreeRTOS/Source/event_groups.o
                0x08007d86                vEventGroupClearBitsCallback
 .text.xEventGroupSetBitsFromISR
                0x08007da0       0x28 ./Middlewares/Third_Party/FreeRTOS/Source/event_groups.o
                0x08007da0                xEventGroupSetBitsFromISR
 .text.vListInitialise
                0x08007dc8       0x40 ./Middlewares/Third_Party/FreeRTOS/Source/list.o
                0x08007dc8                vListInitialise
 .text.vListInitialiseItem
                0x08007e08       0x1a ./Middlewares/Third_Party/FreeRTOS/Source/list.o
                0x08007e08                vListInitialiseItem
 .text.vListInsertEnd
                0x08007e22       0x48 ./Middlewares/Third_Party/FreeRTOS/Source/list.o
                0x08007e22                vListInsertEnd
 .text.vListInsert
                0x08007e6a       0x72 ./Middlewares/Third_Party/FreeRTOS/Source/list.o
                0x08007e6a                vListInsert
 .text.uxListRemove
                0x08007edc       0x54 ./Middlewares/Third_Party/FreeRTOS/Source/list.o
                0x08007edc                uxListRemove
 .text.xQueueGenericReset
                0x08007f30       0xd4 ./Middlewares/Third_Party/FreeRTOS/Source/queue.o
                0x08007f30                xQueueGenericReset
 .text.xQueueGenericCreateStatic
                0x08008004       0xfa ./Middlewares/Third_Party/FreeRTOS/Source/queue.o
                0x08008004                xQueueGenericCreateStatic
 .text.xQueueGenericCreate
                0x080080fe       0x76 ./Middlewares/Third_Party/FreeRTOS/Source/queue.o
                0x080080fe                xQueueGenericCreate
 .text.prvInitialiseNewQueue
                0x08008174       0x46 ./Middlewares/Third_Party/FreeRTOS/Source/queue.o
 .text.xQueueCreateCountingSemaphoreStatic
                0x080081ba       0x72 ./Middlewares/Third_Party/FreeRTOS/Source/queue.o
                0x080081ba                xQueueCreateCountingSemaphoreStatic
 .text.xQueueCreateCountingSemaphore
                0x0800822c       0x6a ./Middlewares/Third_Party/FreeRTOS/Source/queue.o
                0x0800822c                xQueueCreateCountingSemaphore
 *fill*         0x08008296        0x2 
 .text.xQueueGenericSend
                0x08008298      0x204 ./Middlewares/Third_Party/FreeRTOS/Source/queue.o
                0x08008298                xQueueGenericSend
 .text.xQueueGenericSendFromISR
                0x0800849c      0x13c ./Middlewares/Third_Party/FreeRTOS/Source/queue.o
                0x0800849c                xQueueGenericSendFromISR
 .text.xQueueGiveFromISR
                0x080085d8      0x120 ./Middlewares/Third_Party/FreeRTOS/Source/queue.o
                0x080085d8                xQueueGiveFromISR
 .text.xQueueReceive
                0x080086f8      0x1c4 ./Middlewares/Third_Party/FreeRTOS/Source/queue.o
                0x080086f8                xQueueReceive
 .text.xQueueSemaphoreTake
                0x080088bc      0x220 ./Middlewares/Third_Party/FreeRTOS/Source/queue.o
                0x080088bc                xQueueSemaphoreTake
 .text.xQueueReceiveFromISR
                0x08008adc      0x104 ./Middlewares/Third_Party/FreeRTOS/Source/queue.o
                0x08008adc                xQueueReceiveFromISR
 .text.vQueueDelete
                0x08008be0       0x48 ./Middlewares/Third_Party/FreeRTOS/Source/queue.o
                0x08008be0                vQueueDelete
 .text.prvGetDisinheritPriorityAfterTimeout
                0x08008c28       0x30 ./Middlewares/Third_Party/FreeRTOS/Source/queue.o
 .text.prvCopyDataToQueue
                0x08008c58       0xd4 ./Middlewares/Third_Party/FreeRTOS/Source/queue.o
 .text.prvCopyDataFromQueue
                0x08008d2c       0x4c ./Middlewares/Third_Party/FreeRTOS/Source/queue.o
 .text.prvUnlockQueue
                0x08008d78       0xa4 ./Middlewares/Third_Party/FreeRTOS/Source/queue.o
 .text.prvIsQueueEmpty
                0x08008e1c       0x2c ./Middlewares/Third_Party/FreeRTOS/Source/queue.o
 .text.prvIsQueueFull
                0x08008e48       0x30 ./Middlewares/Third_Party/FreeRTOS/Source/queue.o
 .text.vQueueAddToRegistry
                0x08008e78       0x54 ./Middlewares/Third_Party/FreeRTOS/Source/queue.o
                0x08008e78                vQueueAddToRegistry
 .text.vQueueUnregisterQueue
                0x08008ecc       0x54 ./Middlewares/Third_Party/FreeRTOS/Source/queue.o
                0x08008ecc                vQueueUnregisterQueue
 .text.vQueueWaitForMessageRestricted
                0x08008f20       0x68 ./Middlewares/Third_Party/FreeRTOS/Source/queue.o
                0x08008f20                vQueueWaitForMessageRestricted
 .text.xTaskCreateStatic
                0x08008f88       0xc0 ./Middlewares/Third_Party/FreeRTOS/Source/tasks.o
                0x08008f88                xTaskCreateStatic
 .text.xTaskCreate
                0x08009048       0x8a ./Middlewares/Third_Party/FreeRTOS/Source/tasks.o
                0x08009048                xTaskCreate
 *fill*         0x080090d2        0x2 
 .text.prvInitialiseNewTask
                0x080090d4      0x150 ./Middlewares/Third_Party/FreeRTOS/Source/tasks.o
 .text.prvAddNewTaskToReadyList
                0x08009224       0xe0 ./Middlewares/Third_Party/FreeRTOS/Source/tasks.o
 .text.vTaskDelay
                0x08009304       0x6c ./Middlewares/Third_Party/FreeRTOS/Source/tasks.o
                0x08009304                vTaskDelay
 .text.vTaskStartScheduler
                0x08009370       0xe0 ./Middlewares/Third_Party/FreeRTOS/Source/tasks.o
                0x08009370                vTaskStartScheduler
 .text.vTaskSuspendAll
                0x08009450       0x1c ./Middlewares/Third_Party/FreeRTOS/Source/tasks.o
                0x08009450                vTaskSuspendAll
 .text.xTaskResumeAll
                0x0800946c      0x13c ./Middlewares/Third_Party/FreeRTOS/Source/tasks.o
                0x0800946c                xTaskResumeAll
 .text.xTaskGetTickCount
                0x080095a8       0x20 ./Middlewares/Third_Party/FreeRTOS/Source/tasks.o
                0x080095a8                xTaskGetTickCount
 .text.xTaskIncrementTick
                0x080095c8      0x174 ./Middlewares/Third_Party/FreeRTOS/Source/tasks.o
                0x080095c8                xTaskIncrementTick
 .text.vTaskSwitchContext
                0x0800973c       0xcc ./Middlewares/Third_Party/FreeRTOS/Source/tasks.o
                0x0800973c                vTaskSwitchContext
 .text.vTaskPlaceOnEventList
                0x08009808       0x4c ./Middlewares/Third_Party/FreeRTOS/Source/tasks.o
                0x08009808                vTaskPlaceOnEventList
 .text.vTaskPlaceOnEventListRestricted
                0x08009854       0x58 ./Middlewares/Third_Party/FreeRTOS/Source/tasks.o
                0x08009854                vTaskPlaceOnEventListRestricted
 .text.xTaskRemoveFromEventList
                0x080098ac       0xc8 ./Middlewares/Third_Party/FreeRTOS/Source/tasks.o
                0x080098ac                xTaskRemoveFromEventList
 .text.vTaskRemoveFromUnorderedEventList
                0x08009974       0xc8 ./Middlewares/Third_Party/FreeRTOS/Source/tasks.o
                0x08009974                vTaskRemoveFromUnorderedEventList
 .text.vTaskInternalSetTimeOutState
                0x08009a3c       0x2c ./Middlewares/Third_Party/FreeRTOS/Source/tasks.o
                0x08009a3c                vTaskInternalSetTimeOutState
 .text.xTaskCheckForTimeOut
                0x08009a68       0xc8 ./Middlewares/Third_Party/FreeRTOS/Source/tasks.o
                0x08009a68                xTaskCheckForTimeOut
 .text.vTaskMissedYield
                0x08009b30       0x18 ./Middlewares/Third_Party/FreeRTOS/Source/tasks.o
                0x08009b30                vTaskMissedYield
 .text.prvIdleTask
                0x08009b48       0x30 ./Middlewares/Third_Party/FreeRTOS/Source/tasks.o
 .text.prvInitialiseTaskLists
                0x08009b78       0x80 ./Middlewares/Third_Party/FreeRTOS/Source/tasks.o
 .text.prvCheckTasksWaitingTermination
                0x08009bf8       0x5c ./Middlewares/Third_Party/FreeRTOS/Source/tasks.o
 .text.prvDeleteTCB
                0x08009c54       0x6a ./Middlewares/Third_Party/FreeRTOS/Source/tasks.o
 *fill*         0x08009cbe        0x2 
 .text.prvResetNextTaskUnblockTime
                0x08009cc0       0x40 ./Middlewares/Third_Party/FreeRTOS/Source/tasks.o
 .text.xTaskGetSchedulerState
                0x08009d00       0x3c ./Middlewares/Third_Party/FreeRTOS/Source/tasks.o
                0x08009d00                xTaskGetSchedulerState
 .text.xTaskPriorityInherit
                0x08009d3c       0xd0 ./Middlewares/Third_Party/FreeRTOS/Source/tasks.o
                0x08009d3c                xTaskPriorityInherit
 .text.xTaskPriorityDisinherit
                0x08009e0c       0xe0 ./Middlewares/Third_Party/FreeRTOS/Source/tasks.o
                0x08009e0c                xTaskPriorityDisinherit
 .text.vTaskPriorityDisinheritAfterTimeout
                0x08009eec      0x108 ./Middlewares/Third_Party/FreeRTOS/Source/tasks.o
                0x08009eec                vTaskPriorityDisinheritAfterTimeout
 .text.pvTaskIncrementMutexHeldCount
                0x08009ff4       0x28 ./Middlewares/Third_Party/FreeRTOS/Source/tasks.o
                0x08009ff4                pvTaskIncrementMutexHeldCount
 .text.prvAddCurrentTaskToDelayedList
                0x0800a01c       0xa8 ./Middlewares/Third_Party/FreeRTOS/Source/tasks.o
 .text.xTimerCreateTimerTask
                0x0800a0c4       0x94 ./Middlewares/Third_Party/FreeRTOS/Source/timers.o
                0x0800a0c4                xTimerCreateTimerTask
 .text.xTimerGenericCommand
                0x0800a158       0x9c ./Middlewares/Third_Party/FreeRTOS/Source/timers.o
                0x0800a158                xTimerGenericCommand
 .text.prvProcessExpiredTimer
                0x0800a1f4       0x9c ./Middlewares/Third_Party/FreeRTOS/Source/timers.o
 .text.prvTimerTask
                0x0800a290       0x26 ./Middlewares/Third_Party/FreeRTOS/Source/timers.o
 *fill*         0x0800a2b6        0x2 
 .text.prvProcessTimerOrBlockTask
                0x0800a2b8       0x9c ./Middlewares/Third_Party/FreeRTOS/Source/timers.o
 .text.prvGetNextExpireTime
                0x0800a354       0x48 ./Middlewares/Third_Party/FreeRTOS/Source/timers.o
 .text.prvSampleTimeNow
                0x0800a39c       0x40 ./Middlewares/Third_Party/FreeRTOS/Source/timers.o
 .text.prvInsertTimerInActiveList
                0x0800a3dc       0x84 ./Middlewares/Third_Party/FreeRTOS/Source/timers.o
 .text.prvProcessReceivedCommands
                0x0800a460      0x1cc ./Middlewares/Third_Party/FreeRTOS/Source/timers.o
 .text.prvSwitchTimerLists
                0x0800a62c       0xcc ./Middlewares/Third_Party/FreeRTOS/Source/timers.o
 .text.prvCheckForValidListAndQueue
                0x0800a6f8       0x80 ./Middlewares/Third_Party/FreeRTOS/Source/timers.o
 .text.xTimerPendFunctionCallFromISR
                0x0800a778       0x40 ./Middlewares/Third_Party/FreeRTOS/Source/timers.o
                0x0800a778                xTimerPendFunctionCallFromISR
 .text.pxPortInitialiseStack
                0x0800a7b8       0x68 ./Middlewares/Third_Party/FreeRTOS/Source/portable/GCC/ARM_CM4F/port.o
                0x0800a7b8                pxPortInitialiseStack
 .text.prvTaskExitError
                0x0800a820       0x5c ./Middlewares/Third_Party/FreeRTOS/Source/portable/GCC/ARM_CM4F/port.o
 *fill*         0x0800a87c        0x4 
 .text.SVC_Handler
                0x0800a880       0x28 ./Middlewares/Third_Party/FreeRTOS/Source/portable/GCC/ARM_CM4F/port.o
                0x0800a880                SVC_Handler
 .text.prvPortStartFirstTask
                0x0800a8a8       0x28 ./Middlewares/Third_Party/FreeRTOS/Source/portable/GCC/ARM_CM4F/port.o
 .text.xPortStartScheduler
                0x0800a8d0      0x148 ./Middlewares/Third_Party/FreeRTOS/Source/portable/GCC/ARM_CM4F/port.o
                0x0800a8d0                xPortStartScheduler
 .text.vPortEnterCritical
                0x0800aa18       0x64 ./Middlewares/Third_Party/FreeRTOS/Source/portable/GCC/ARM_CM4F/port.o
                0x0800aa18                vPortEnterCritical
 .text.vPortExitCritical
                0x0800aa7c       0x54 ./Middlewares/Third_Party/FreeRTOS/Source/portable/GCC/ARM_CM4F/port.o
                0x0800aa7c                vPortExitCritical
 .text.PendSV_Handler
                0x0800aad0       0x68 ./Middlewares/Third_Party/FreeRTOS/Source/portable/GCC/ARM_CM4F/port.o
                0x0800aad0                PendSV_Handler
 .text.xPortSysTickHandler
                0x0800ab38       0x44 ./Middlewares/Third_Party/FreeRTOS/Source/portable/GCC/ARM_CM4F/port.o
                0x0800ab38                xPortSysTickHandler
 .text.vPortSetupTimerInterrupt
                0x0800ab7c       0x48 ./Middlewares/Third_Party/FreeRTOS/Source/portable/GCC/ARM_CM4F/port.o
                0x0800ab7c                vPortSetupTimerInterrupt
 .text.vPortEnableVFP
                0x0800abc4       0x14 ./Middlewares/Third_Party/FreeRTOS/Source/portable/GCC/ARM_CM4F/port.o
 .text.vPortValidateInterruptPriority
                0x0800abd8       0x84 ./Middlewares/Third_Party/FreeRTOS/Source/portable/GCC/ARM_CM4F/port.o
                0x0800abd8                vPortValidateInterruptPriority
 .text.pvPortMalloc
                0x0800ac5c      0x19c ./Middlewares/Third_Party/FreeRTOS/Source/portable/MemMang/heap_4.o
                0x0800ac5c                pvPortMalloc
 .text.vPortFree
                0x0800adf8       0xc8 ./Middlewares/Third_Party/FreeRTOS/Source/portable/MemMang/heap_4.o
                0x0800adf8                vPortFree
 .text.prvHeapInit
                0x0800aec0       0xc4 ./Middlewares/Third_Party/FreeRTOS/Source/portable/MemMang/heap_4.o
 .text.prvInsertBlockIntoFreeList
                0x0800af84       0xb4 ./Middlewares/Third_Party/FreeRTOS/Source/portable/MemMang/heap_4.o
 .text.memset   0x0800b038       0x10 C:/ST/STM32CubeIDE_1.19.0/STM32CubeIDE/plugins/com.st.stm32cube.ide.mcu.externaltools.gnu-tools-for-stm32.13.3.rel1.win32_1.0.0.202411081344/tools/bin/../lib/gcc/arm-none-eabi/13.3.1/../../../../arm-none-eabi/lib/thumb/v7e-m+fp/hard\libc_nano.a(libc_a-memset.o)
                0x0800b038                memset
 .text._reclaim_reent
                0x0800b048       0xbc C:/ST/STM32CubeIDE_1.19.0/STM32CubeIDE/plugins/com.st.stm32cube.ide.mcu.externaltools.gnu-tools-for-stm32.13.3.rel1.win32_1.0.0.202411081344/tools/bin/../lib/gcc/arm-none-eabi/13.3.1/../../../../arm-none-eabi/lib/thumb/v7e-m+fp/hard\libc_nano.a(libc_a-reent.o)
                0x0800b048                _reclaim_reent
 .text.__libc_init_array
                0x0800b104       0x48 C:/ST/STM32CubeIDE_1.19.0/STM32CubeIDE/plugins/com.st.stm32cube.ide.mcu.externaltools.gnu-tools-for-stm32.13.3.rel1.win32_1.0.0.202411081344/tools/bin/../lib/gcc/arm-none-eabi/13.3.1/../../../../arm-none-eabi/lib/thumb/v7e-m+fp/hard\libc_nano.a(libc_a-init.o)
                0x0800b104                __libc_init_array
 .text.__retarget_lock_acquire_recursive
                0x0800b14c        0x2 C:/ST/STM32CubeIDE_1.19.0/STM32CubeIDE/plugins/com.st.stm32cube.ide.mcu.externaltools.gnu-tools-for-stm32.13.3.rel1.win32_1.0.0.202411081344/tools/bin/../lib/gcc/arm-none-eabi/13.3.1/../../../../arm-none-eabi/lib/thumb/v7e-m+fp/hard\libc_nano.a(libc_a-lock.o)
                0x0800b14c                __retarget_lock_acquire_recursive
 .text.__retarget_lock_release_recursive
                0x0800b14e        0x2 C:/ST/STM32CubeIDE_1.19.0/STM32CubeIDE/plugins/com.st.stm32cube.ide.mcu.externaltools.gnu-tools-for-stm32.13.3.rel1.win32_1.0.0.202411081344/tools/bin/../lib/gcc/arm-none-eabi/13.3.1/../../../../arm-none-eabi/lib/thumb/v7e-m+fp/hard\libc_nano.a(libc_a-lock.o)
                0x0800b14e                __retarget_lock_release_recursive
 .text.memcpy   0x0800b150       0x1c C:/ST/STM32CubeIDE_1.19.0/STM32CubeIDE/plugins/com.st.stm32cube.ide.mcu.externaltools.gnu-tools-for-stm32.13.3.rel1.win32_1.0.0.202411081344/tools/bin/../lib/gcc/arm-none-eabi/13.3.1/../../../../arm-none-eabi/lib/thumb/v7e-m+fp/hard\libc_nano.a(libc_a-memcpy-stub.o)
                0x0800b150                memcpy
 .text._free_r  0x0800b16c       0x94 C:/ST/STM32CubeIDE_1.19.0/STM32CubeIDE/plugins/com.st.stm32cube.ide.mcu.externaltools.gnu-tools-for-stm32.13.3.rel1.win32_1.0.0.202411081344/tools/bin/../lib/gcc/arm-none-eabi/13.3.1/../../../../arm-none-eabi/lib/thumb/v7e-m+fp/hard\libc_nano.a(libc_a-freer.o)
                0x0800b16c                _free_r
 .text.__malloc_lock
                0x0800b200        0xc C:/ST/STM32CubeIDE_1.19.0/STM32CubeIDE/plugins/com.st.stm32cube.ide.mcu.externaltools.gnu-tools-for-stm32.13.3.rel1.win32_1.0.0.202411081344/tools/bin/../lib/gcc/arm-none-eabi/13.3.1/../../../../arm-none-eabi/lib/thumb/v7e-m+fp/hard\libc_nano.a(libc_a-mlock.o)
                0x0800b200                __malloc_lock
 .text.__malloc_unlock
                0x0800b20c        0xc C:/ST/STM32CubeIDE_1.19.0/STM32CubeIDE/plugins/com.st.stm32cube.ide.mcu.externaltools.gnu-tools-for-stm32.13.3.rel1.win32_1.0.0.202411081344/tools/bin/../lib/gcc/arm-none-eabi/13.3.1/../../../../arm-none-eabi/lib/thumb/v7e-m+fp/hard\libc_nano.a(libc_a-mlock.o)
                0x0800b20c                __malloc_unlock
 *(.glue_7)
 .glue_7        0x0800b218        0x0 linker stubs
 *(.glue_7t)
 .glue_7t       0x0800b218        0x0 linker stubs
 *(.eh_frame)
 .eh_frame      0x0800b218        0x0 C:/ST/STM32CubeIDE_1.19.0/STM32CubeIDE/plugins/com.st.stm32cube.ide.mcu.externaltools.gnu-tools-for-stm32.13.3.rel1.win32_1.0.0.202411081344/tools/bin/../lib/gcc/arm-none-eabi/13.3.1/thumb/v7e-m+fp/hard/crtbegin.o
 *(.init)
 .init          0x0800b218        0x4 C:/ST/STM32CubeIDE_1.19.0/STM32CubeIDE/plugins/com.st.stm32cube.ide.mcu.externaltools.gnu-tools-for-stm32.13.3.rel1.win32_1.0.0.202411081344/tools/bin/../lib/gcc/arm-none-eabi/13.3.1/thumb/v7e-m+fp/hard/crti.o
                0x0800b218                _init
 .init          0x0800b21c        0x8 C:/ST/STM32CubeIDE_1.19.0/STM32CubeIDE/plugins/com.st.stm32cube.ide.mcu.externaltools.gnu-tools-for-stm32.13.3.rel1.win32_1.0.0.202411081344/tools/bin/../lib/gcc/arm-none-eabi/13.3.1/thumb/v7e-m+fp/hard/crtn.o
 *(.fini)
 .fini          0x0800b224        0x4 C:/ST/STM32CubeIDE_1.19.0/STM32CubeIDE/plugins/com.st.stm32cube.ide.mcu.externaltools.gnu-tools-for-stm32.13.3.rel1.win32_1.0.0.202411081344/tools/bin/../lib/gcc/arm-none-eabi/13.3.1/thumb/v7e-m+fp/hard/crti.o
                0x0800b224                _fini
 .fini          0x0800b228        0x8 C:/ST/STM32CubeIDE_1.19.0/STM32CubeIDE/plugins/com.st.stm32cube.ide.mcu.externaltools.gnu-tools-for-stm32.13.3.rel1.win32_1.0.0.202411081344/tools/bin/../lib/gcc/arm-none-eabi/13.3.1/thumb/v7e-m+fp/hard/crtn.o
                0x0800b230                        . = ALIGN (0x4)
                0x0800b230                        _etext = .

.vfp11_veneer   0x0800b230        0x0
 .vfp11_veneer  0x0800b230        0x0 linker stubs

.v4_bx          0x0800b230        0x0
 .v4_bx         0x0800b230        0x0 linker stubs

.iplt           0x0800b230        0x0
 .iplt          0x0800b230        0x0 C:/ST/STM32CubeIDE_1.19.0/STM32CubeIDE/plugins/com.st.stm32cube.ide.mcu.externaltools.gnu-tools-for-stm32.13.3.rel1.win32_1.0.0.202411081344/tools/bin/../lib/gcc/arm-none-eabi/13.3.1/thumb/v7e-m+fp/hard/crtbegin.o

.rodata         0x0800b230      0x154
                0x0800b230                        . = ALIGN (0x4)
 *(.rodata)
 .rodata        0x0800b230       0x55 ./Core/Src/main.o
 *fill*         0x0800b285        0x3 
 .rodata        0x0800b288        0x5 ./Middlewares/Third_Party/FreeRTOS/Source/tasks.o
 *fill*         0x0800b28d        0x3 
 .rodata        0x0800b290        0xd ./Middlewares/Third_Party/FreeRTOS/Source/timers.o
 *(.rodata*)
 *fill*         0x0800b29d        0x3 
 .rodata.defaultTask_attributes
                0x0800b2a0       0x24 ./Core/Src/main.o
                0x0800b2a0                defaultTask_attributes
 .rodata.transmitTask_attributes
                0x0800b2c4       0x24 ./Core/Src/main.o
                0x0800b2c4                transmitTask_attributes
 .rodata.readDistanceTas_attributes
                0x0800b2e8       0x24 ./Core/Src/main.o
                0x0800b2e8                readDistanceTas_attributes
 .rodata.uartFree_attributes
                0x0800b30c       0x10 ./Core/Src/main.o
                0x0800b30c                uartFree_attributes
 .rodata.distanceFlag_attributes
                0x0800b31c       0x10 ./Core/Src/main.o
                0x0800b31c                distanceFlag_attributes
 .rodata.passedSecond_attributes
                0x0800b32c       0x10 ./Core/Src/main.o
                0x0800b32c                passedSecond_attributes
 .rodata.AHBPrescTable
                0x0800b33c       0x10 ./Core/Src/system_stm32l4xx.o
                0x0800b33c                AHBPrescTable
 .rodata.APBPrescTable
                0x0800b34c        0x8 ./Core/Src/system_stm32l4xx.o
                0x0800b34c                APBPrescTable
 .rodata.MSIRangeTable
                0x0800b354       0x30 ./Core/Src/system_stm32l4xx.o
                0x0800b354                MSIRangeTable
                0x0800b384                        . = ALIGN (0x4)

.ARM.extab      0x0800b384        0x0
                0x0800b384                        . = ALIGN (0x4)
 *(.ARM.extab* .gnu.linkonce.armextab.*)
                0x0800b384                        . = ALIGN (0x4)

.ARM            0x0800b384        0x8
                0x0800b384                        . = ALIGN (0x4)
                0x0800b384                        __exidx_start = .
 *(.ARM.exidx*)
 .ARM.exidx     0x0800b384        0x8 C:/ST/STM32CubeIDE_1.19.0/STM32CubeIDE/plugins/com.st.stm32cube.ide.mcu.externaltools.gnu-tools-for-stm32.13.3.rel1.win32_1.0.0.202411081344/tools/bin/../lib/gcc/arm-none-eabi/13.3.1/thumb/v7e-m+fp/hard\libgcc.a(_udivmoddi4.o)
                0x0800b38c                        __exidx_end = .
                0x0800b38c                        . = ALIGN (0x4)

.preinit_array  0x0800b38c        0x0
                0x0800b38c                        . = ALIGN (0x4)
                0x0800b38c                        PROVIDE (__preinit_array_start = .)
 *(.preinit_array*)
                0x0800b38c                        PROVIDE (__preinit_array_end = .)
                0x0800b38c                        . = ALIGN (0x4)

.init_array     0x0800b38c        0x4
                0x0800b38c                        . = ALIGN (0x4)
                0x0800b38c                        PROVIDE (__init_array_start = .)
 *(SORT_BY_NAME(.init_array.*))
 *(.init_array*)
 .init_array    0x0800b38c        0x4 C:/ST/STM32CubeIDE_1.19.0/STM32CubeIDE/plugins/com.st.stm32cube.ide.mcu.externaltools.gnu-tools-for-stm32.13.3.rel1.win32_1.0.0.202411081344/tools/bin/../lib/gcc/arm-none-eabi/13.3.1/thumb/v7e-m+fp/hard/crtbegin.o
                0x0800b390                        PROVIDE (__init_array_end = .)
                0x0800b390                        . = ALIGN (0x4)

.fini_array     0x0800b390        0x4
                0x0800b390                        . = ALIGN (0x4)
                [!provide]                        PROVIDE (__fini_array_start = .)
 *(SORT_BY_NAME(.fini_array.*))
 *(.fini_array*)
 .fini_array    0x0800b390        0x4 C:/ST/STM32CubeIDE_1.19.0/STM32CubeIDE/plugins/com.st.stm32cube.ide.mcu.externaltools.gnu-tools-for-stm32.13.3.rel1.win32_1.0.0.202411081344/tools/bin/../lib/gcc/arm-none-eabi/13.3.1/thumb/v7e-m+fp/hard/crtbegin.o
                [!provide]                        PROVIDE (__fini_array_end = .)
                0x0800b394                        . = ALIGN (0x4)
                0x0800b394                        _sidata = LOADADDR (.data)

.rel.dyn        0x0800b394        0x0
 .rel.iplt      0x0800b394        0x0 C:/ST/STM32CubeIDE_1.19.0/STM32CubeIDE/plugins/com.st.stm32cube.ide.mcu.externaltools.gnu-tools-for-stm32.13.3.rel1.win32_1.0.0.202411081344/tools/bin/../lib/gcc/arm-none-eabi/13.3.1/thumb/v7e-m+fp/hard/crtbegin.o

.data           0x20000000       0x74 load address 0x0800b394
                0x20000000                        . = ALIGN (0x4)
                0x20000000                        _sdata = .
 *(.data)
 *(.data*)
 .data.sensor   0x20000000       0x14 ./Core/Src/main.o
                0x20000000                sensor
 .data.SystemCoreClock
                0x20000014        0x4 ./Core/Src/system_stm32l4xx.o
                0x20000014                SystemCoreClock
 .data.uwTickPrio
                0x20000018        0x4 ./Drivers/STM32L4xx_HAL_Driver/Src/stm32l4xx_hal.o
                0x20000018                uwTickPrio
 .data.uwTickFreq
                0x2000001c        0x1 ./Drivers/STM32L4xx_HAL_Driver/Src/stm32l4xx_hal.o
                0x2000001c                uwTickFreq
 *fill*         0x2000001d        0x3 
 .data.uxCriticalNesting
                0x20000020        0x4 ./Middlewares/Third_Party/FreeRTOS/Source/portable/GCC/ARM_CM4F/port.o
 .data._impure_ptr
                0x20000024        0x4 C:/ST/STM32CubeIDE_1.19.0/STM32CubeIDE/plugins/com.st.stm32cube.ide.mcu.externaltools.gnu-tools-for-stm32.13.3.rel1.win32_1.0.0.202411081344/tools/bin/../lib/gcc/arm-none-eabi/13.3.1/../../../../arm-none-eabi/lib/thumb/v7e-m+fp/hard\libc_nano.a(libc_a-impure.o)
                0x20000024                _impure_ptr
 .data._impure_data
                0x20000028       0x4c C:/ST/STM32CubeIDE_1.19.0/STM32CubeIDE/plugins/com.st.stm32cube.ide.mcu.externaltools.gnu-tools-for-stm32.13.3.rel1.win32_1.0.0.202411081344/tools/bin/../lib/gcc/arm-none-eabi/13.3.1/../../../../arm-none-eabi/lib/thumb/v7e-m+fp/hard\libc_nano.a(libc_a-impure.o)
                0x20000028                _impure_data
 *(.RamFunc)
 *(.RamFunc*)
                0x20000074                        . = ALIGN (0x4)
                0x20000074                        _edata = .

.igot.plt       0x20000074        0x0 load address 0x0800b408
 .igot.plt      0x20000074        0x0 C:/ST/STM32CubeIDE_1.19.0/STM32CubeIDE/plugins/com.st.stm32cube.ide.mcu.externaltools.gnu-tools-for-stm32.13.3.rel1.win32_1.0.0.202411081344/tools/bin/../lib/gcc/arm-none-eabi/13.3.1/thumb/v7e-m+fp/hard/crtbegin.o
                0x20000074                        . = ALIGN (0x4)

.bss            0x20000074     0x201c load address 0x0800b408
                0x20000074                        _sbss = .
                0x20000074                        __bss_start__ = _sbss
 *(.bss)
 .bss           0x20000074       0x1c C:/ST/STM32CubeIDE_1.19.0/STM32CubeIDE/plugins/com.st.stm32cube.ide.mcu.externaltools.gnu-tools-for-stm32.13.3.rel1.win32_1.0.0.202411081344/tools/bin/../lib/gcc/arm-none-eabi/13.3.1/thumb/v7e-m+fp/hard/crtbegin.o
 *(.bss*)
 .bss.htim1     0x20000090       0xbc ./Core/Src/main.o
                0x20000090                htim1
 .bss.htim2     0x2000014c       0xbc ./Core/Src/main.o
                0x2000014c                htim2
 .bss.htim3     0x20000208       0xbc ./Core/Src/main.o
                0x20000208                htim3
 .bss.htim15    0x200002c4       0xbc ./Core/Src/main.o
                0x200002c4                htim15
 .bss.huart4    0x20000380       0xb8 ./Core/Src/main.o
                0x20000380                huart4
 .bss.defaultTaskHandle
                0x20000438        0x4 ./Core/Src/main.o
                0x20000438                defaultTaskHandle
 .bss.transmitTaskHandle
                0x2000043c        0x4 ./Core/Src/main.o
                0x2000043c                transmitTaskHandle
 .bss.readDistanceTasHandle
                0x20000440        0x4 ./Core/Src/main.o
                0x20000440                readDistanceTasHandle
 .bss.uartFreeHandle
                0x20000444        0x4 ./Core/Src/main.o
                0x20000444                uartFreeHandle
 .bss.distanceFlagHandle
                0x20000448        0x4 ./Core/Src/main.o
                0x20000448                distanceFlagHandle
 .bss.passedSecondHandle
                0x2000044c        0x4 ./Core/Src/main.o
                0x2000044c                passedSecondHandle
 .bss.message   0x20000450        0x1 ./Core/Src/main.o
                0x20000450                message
 *fill*         0x20000451        0x3 
 .bss.servo     0x20000454        0x8 ./Core/Src/main.o
                0x20000454                servo
 .bss.rotationsM1
                0x2000045c        0x2 ./Core/Src/main.o
                0x2000045c                rotationsM1
 .bss.rotationsM2
                0x2000045e        0x2 ./Core/Src/main.o
                0x2000045e                rotationsM2
 .bss.rotationsM3
                0x20000460        0x2 ./Core/Src/main.o
                0x20000460                rotationsM3
 .bss.rotationsM4
                0x20000462        0x2 ./Core/Src/main.o
                0x20000462                rotationsM4
 .bss.M1        0x20000464       0x1c ./Core/Src/main.o
                0x20000464                M1
 .bss.M2        0x20000480       0x1c ./Core/Src/main.o
                0x20000480                M2
 .bss.M3        0x2000049c       0x1c ./Core/Src/main.o
                0x2000049c                M3
 .bss.M4        0x200004b8       0x1c ./Core/Src/main.o
                0x200004b8                M4
 .bss.last_tick_ch1
                0x200004d4        0x4 ./Core/Src/main.o
                0x200004d4                last_tick_ch1
 .bss.last_tick_ch2
                0x200004d8        0x4 ./Core/Src/main.o
                0x200004d8                last_tick_ch2
 .bss.last_tick_ch3
                0x200004dc        0x4 ./Core/Src/main.o
                0x200004dc                last_tick_ch3
 .bss.last_tick_ch4
                0x200004e0        0x4 ./Core/Src/main.o
                0x200004e0                last_tick_ch4
 .bss.received_select
                0x200004e4        0x2 ./Core/Src/main.o
                0x200004e4                received_select
 *fill*         0x200004e6        0x2 
 .bss.last_time1
                0x200004e8        0x4 ./Core/Src/main.o
 .bss.last_time2
                0x200004ec        0x4 ./Core/Src/main.o
 .bss.htim6     0x200004f0       0xbc ./Core/Src/stm32l4xx_hal_timebase_tim.o
                0x200004f0                htim6
 .bss.uwTick    0x200005ac        0x4 ./Drivers/STM32L4xx_HAL_Driver/Src/stm32l4xx_hal.o
                0x200005ac                uwTick
 .bss.KernelState
                0x200005b0        0x4 ./Middlewares/Third_Party/FreeRTOS/Source/CMSIS_RTOS_V2/cmsis_os2.o
 .bss.Idle_TCB.3
                0x200005b4       0xa8 ./Middlewares/Third_Party/FreeRTOS/Source/CMSIS_RTOS_V2/cmsis_os2.o
 .bss.Idle_Stack.2
                0x2000065c      0x200 ./Middlewares/Third_Party/FreeRTOS/Source/CMSIS_RTOS_V2/cmsis_os2.o
 .bss.Timer_TCB.1
                0x2000085c       0xa8 ./Middlewares/Third_Party/FreeRTOS/Source/CMSIS_RTOS_V2/cmsis_os2.o
 .bss.Timer_Stack.0
                0x20000904      0x400 ./Middlewares/Third_Party/FreeRTOS/Source/CMSIS_RTOS_V2/cmsis_os2.o
 .bss.xQueueRegistry
                0x20000d04       0x40 ./Middlewares/Third_Party/FreeRTOS/Source/queue.o
                0x20000d04                xQueueRegistry
 .bss.pxCurrentTCB
                0x20000d44        0x4 ./Middlewares/Third_Party/FreeRTOS/Source/tasks.o
                0x20000d44                pxCurrentTCB
 .bss.pxReadyTasksLists
                0x20000d48      0x460 ./Middlewares/Third_Party/FreeRTOS/Source/tasks.o
 .bss.xDelayedTaskList1
                0x200011a8       0x14 ./Middlewares/Third_Party/FreeRTOS/Source/tasks.o
 .bss.xDelayedTaskList2
                0x200011bc       0x14 ./Middlewares/Third_Party/FreeRTOS/Source/tasks.o
 .bss.pxDelayedTaskList
                0x200011d0        0x4 ./Middlewares/Third_Party/FreeRTOS/Source/tasks.o
 .bss.pxOverflowDelayedTaskList
                0x200011d4        0x4 ./Middlewares/Third_Party/FreeRTOS/Source/tasks.o
 .bss.xPendingReadyList
                0x200011d8       0x14 ./Middlewares/Third_Party/FreeRTOS/Source/tasks.o
 .bss.xTasksWaitingTermination
                0x200011ec       0x14 ./Middlewares/Third_Party/FreeRTOS/Source/tasks.o
 .bss.uxDeletedTasksWaitingCleanUp
                0x20001200        0x4 ./Middlewares/Third_Party/FreeRTOS/Source/tasks.o
 .bss.xSuspendedTaskList
                0x20001204       0x14 ./Middlewares/Third_Party/FreeRTOS/Source/tasks.o
 .bss.uxCurrentNumberOfTasks
                0x20001218        0x4 ./Middlewares/Third_Party/FreeRTOS/Source/tasks.o
 .bss.xTickCount
                0x2000121c        0x4 ./Middlewares/Third_Party/FreeRTOS/Source/tasks.o
 .bss.uxTopReadyPriority
                0x20001220        0x4 ./Middlewares/Third_Party/FreeRTOS/Source/tasks.o
 .bss.xSchedulerRunning
                0x20001224        0x4 ./Middlewares/Third_Party/FreeRTOS/Source/tasks.o
 .bss.xPendedTicks
                0x20001228        0x4 ./Middlewares/Third_Party/FreeRTOS/Source/tasks.o
 .bss.xYieldPending
                0x2000122c        0x4 ./Middlewares/Third_Party/FreeRTOS/Source/tasks.o
 .bss.xNumOfOverflows
                0x20001230        0x4 ./Middlewares/Third_Party/FreeRTOS/Source/tasks.o
 .bss.uxTaskNumber
                0x20001234        0x4 ./Middlewares/Third_Party/FreeRTOS/Source/tasks.o
 .bss.xNextTaskUnblockTime
                0x20001238        0x4 ./Middlewares/Third_Party/FreeRTOS/Source/tasks.o
 .bss.xIdleTaskHandle
                0x2000123c        0x4 ./Middlewares/Third_Party/FreeRTOS/Source/tasks.o
 .bss.uxSchedulerSuspended
                0x20001240        0x4 ./Middlewares/Third_Party/FreeRTOS/Source/tasks.o
 .bss.xActiveTimerList1
                0x20001244       0x14 ./Middlewares/Third_Party/FreeRTOS/Source/timers.o
 .bss.xActiveTimerList2
                0x20001258       0x14 ./Middlewares/Third_Party/FreeRTOS/Source/timers.o
 .bss.pxCurrentTimerList
                0x2000126c        0x4 ./Middlewares/Third_Party/FreeRTOS/Source/timers.o
 .bss.pxOverflowTimerList
                0x20001270        0x4 ./Middlewares/Third_Party/FreeRTOS/Source/timers.o
 .bss.xTimerQueue
                0x20001274        0x4 ./Middlewares/Third_Party/FreeRTOS/Source/timers.o
 .bss.xTimerTaskHandle
                0x20001278        0x4 ./Middlewares/Third_Party/FreeRTOS/Source/timers.o
 .bss.xLastTime.2
                0x2000127c        0x4 ./Middlewares/Third_Party/FreeRTOS/Source/timers.o
 .bss.ucStaticTimerQueueStorage.1
                0x20001280       0xa0 ./Middlewares/Third_Party/FreeRTOS/Source/timers.o
 .bss.xStaticTimerQueue.0
                0x20001320       0x50 ./Middlewares/Third_Party/FreeRTOS/Source/timers.o
 .bss.ucMaxSysCallPriority
                0x20001370        0x1 ./Middlewares/Third_Party/FreeRTOS/Source/portable/GCC/ARM_CM4F/port.o
 *fill*         0x20001371        0x3 
 .bss.ulMaxPRIGROUPValue
                0x20001374        0x4 ./Middlewares/Third_Party/FreeRTOS/Source/portable/GCC/ARM_CM4F/port.o
 .bss.ucHeap    0x20001378      0xbb8 ./Middlewares/Third_Party/FreeRTOS/Source/portable/MemMang/heap_4.o
 .bss.xStart    0x20001f30        0x8 ./Middlewares/Third_Party/FreeRTOS/Source/portable/MemMang/heap_4.o
 .bss.pxEnd     0x20001f38        0x4 ./Middlewares/Third_Party/FreeRTOS/Source/portable/MemMang/heap_4.o
 .bss.xFreeBytesRemaining
                0x20001f3c        0x4 ./Middlewares/Third_Party/FreeRTOS/Source/portable/MemMang/heap_4.o
 .bss.xMinimumEverFreeBytesRemaining
                0x20001f40        0x4 ./Middlewares/Third_Party/FreeRTOS/Source/portable/MemMang/heap_4.o
 .bss.xNumberOfSuccessfulAllocations
                0x20001f44        0x4 ./Middlewares/Third_Party/FreeRTOS/Source/portable/MemMang/heap_4.o
 .bss.xNumberOfSuccessfulFrees
                0x20001f48        0x4 ./Middlewares/Third_Party/FreeRTOS/Source/portable/MemMang/heap_4.o
 .bss.xBlockAllocatedBit
                0x20001f4c        0x4 ./Middlewares/Third_Party/FreeRTOS/Source/portable/MemMang/heap_4.o
 .bss.__sf      0x20001f50      0x138 C:/ST/STM32CubeIDE_1.19.0/STM32CubeIDE/plugins/com.st.stm32cube.ide.mcu.externaltools.gnu-tools-for-stm32.13.3.rel1.win32_1.0.0.202411081344/tools/bin/../lib/gcc/arm-none-eabi/13.3.1/../../../../arm-none-eabi/lib/thumb/v7e-m+fp/hard\libc_nano.a(libc_a-findfp.o)
                0x20001f50                __sf
 .bss.__lock___malloc_recursive_mutex
                0x20002088        0x1 C:/ST/STM32CubeIDE_1.19.0/STM32CubeIDE/plugins/com.st.stm32cube.ide.mcu.externaltools.gnu-tools-for-stm32.13.3.rel1.win32_1.0.0.202411081344/tools/bin/../lib/gcc/arm-none-eabi/13.3.1/../../../../arm-none-eabi/lib/thumb/v7e-m+fp/hard\libc_nano.a(libc_a-lock.o)
                0x20002088                __lock___malloc_recursive_mutex
 *fill*         0x20002089        0x3 
 .bss.__malloc_free_list
                0x2000208c        0x4 C:/ST/STM32CubeIDE_1.19.0/STM32CubeIDE/plugins/com.st.stm32cube.ide.mcu.externaltools.gnu-tools-for-stm32.13.3.rel1.win32_1.0.0.202411081344/tools/bin/../lib/gcc/arm-none-eabi/13.3.1/../../../../arm-none-eabi/lib/thumb/v7e-m+fp/hard\libc_nano.a(libc_a-mallocr.o)
                0x2000208c                __malloc_free_list
 *(COMMON)
                0x20002090                        . = ALIGN (0x4)
                0x20002090                        _ebss = .
                0x20002090                        __bss_end__ = _ebss

._user_heap_stack
                0x20002090      0x600 load address 0x0800b408
                0x20002090                        . = ALIGN (0x8)
                [!provide]                        PROVIDE (end = .)
                0x20002090                        PROVIDE (_end = .)
                0x20002290                        . = (. + _Min_Heap_Size)
 *fill*         0x20002090      0x200 
                0x20002690                        . = (. + _Min_Stack_Size)
 *fill*         0x20002290      0x400 
                0x20002690                        . = ALIGN (0x8)

/DISCARD/
 libc.a(*)
 libm.a(*)
 libgcc.a(*)

.ARM.attributes
                0x00000000       0x30
 *(.ARM.attributes)
 .ARM.attributes
                0x00000000       0x22 C:/ST/STM32CubeIDE_1.19.0/STM32CubeIDE/plugins/com.st.stm32cube.ide.mcu.externaltools.gnu-tools-for-stm32.13.3.rel1.win32_1.0.0.202411081344/tools/bin/../lib/gcc/arm-none-eabi/13.3.1/thumb/v7e-m+fp/hard/crti.o
 .ARM.attributes
                0x00000022       0x34 C:/ST/STM32CubeIDE_1.19.0/STM32CubeIDE/plugins/com.st.stm32cube.ide.mcu.externaltools.gnu-tools-for-stm32.13.3.rel1.win32_1.0.0.202411081344/tools/bin/../lib/gcc/arm-none-eabi/13.3.1/thumb/v7e-m+fp/hard/crtbegin.o
 .ARM.attributes
                0x00000056       0x34 ./Core/Src/main.o
 .ARM.attributes
                0x0000008a       0x34 ./Core/Src/stm32l4xx_hal_msp.o
 .ARM.attributes
                0x000000be       0x34 ./Core/Src/stm32l4xx_hal_timebase_tim.o
 .ARM.attributes
                0x000000f2       0x34 ./Core/Src/stm32l4xx_it.o
 .ARM.attributes
                0x00000126       0x34 ./Core/Src/system_stm32l4xx.o
 .ARM.attributes
                0x0000015a       0x21 ./Core/Startup/startup_stm32l452retxp.o
 .ARM.attributes
                0x0000017b       0x34 ./Drivers/STM32L4xx_HAL_Driver/Src/stm32l4xx_hal.o
 .ARM.attributes
                0x000001af       0x34 ./Drivers/STM32L4xx_HAL_Driver/Src/stm32l4xx_hal_cortex.o
 .ARM.attributes
                0x000001e3       0x34 ./Drivers/STM32L4xx_HAL_Driver/Src/stm32l4xx_hal_dma.o
 .ARM.attributes
                0x00000217       0x34 ./Drivers/STM32L4xx_HAL_Driver/Src/stm32l4xx_hal_gpio.o
 .ARM.attributes
                0x0000024b       0x34 ./Drivers/STM32L4xx_HAL_Driver/Src/stm32l4xx_hal_pwr_ex.o
 .ARM.attributes
                0x0000027f       0x34 ./Drivers/STM32L4xx_HAL_Driver/Src/stm32l4xx_hal_rcc.o
 .ARM.attributes
                0x000002b3       0x34 ./Drivers/STM32L4xx_HAL_Driver/Src/stm32l4xx_hal_rcc_ex.o
 .ARM.attributes
                0x000002e7       0x34 ./Drivers/STM32L4xx_HAL_Driver/Src/stm32l4xx_hal_tim.o
 .ARM.attributes
                0x0000031b       0x34 ./Drivers/STM32L4xx_HAL_Driver/Src/stm32l4xx_hal_tim_ex.o
 .ARM.attributes
                0x0000034f       0x34 ./Drivers/STM32L4xx_HAL_Driver/Src/stm32l4xx_hal_uart.o
 .ARM.attributes
                0x00000383       0x34 ./Drivers/STM32L4xx_HAL_Driver/Src/stm32l4xx_hal_uart_ex.o
 .ARM.attributes
                0x000003b7       0x34 ./Middlewares/Third_Party/FreeRTOS/Source/CMSIS_RTOS_V2/cmsis_os2.o
 .ARM.attributes
                0x000003eb       0x34 ./Middlewares/Third_Party/FreeRTOS/Source/event_groups.o
 .ARM.attributes
                0x0000041f       0x34 ./Middlewares/Third_Party/FreeRTOS/Source/list.o
 .ARM.attributes
                0x00000453       0x34 ./Middlewares/Third_Party/FreeRTOS/Source/queue.o
 .ARM.attributes
                0x00000487       0x34 ./Middlewares/Third_Party/FreeRTOS/Source/tasks.o
 .ARM.attributes
                0x000004bb       0x34 ./Middlewares/Third_Party/FreeRTOS/Source/timers.o
 .ARM.attributes
                0x000004ef       0x34 ./Middlewares/Third_Party/FreeRTOS/Source/portable/GCC/ARM_CM4F/port.o
 .ARM.attributes
                0x00000523       0x34 ./Middlewares/Third_Party/FreeRTOS/Source/portable/MemMang/heap_4.o
 .ARM.attributes
                0x00000557       0x34 C:/ST/STM32CubeIDE_1.19.0/STM32CubeIDE/plugins/com.st.stm32cube.ide.mcu.externaltools.gnu-tools-for-stm32.13.3.rel1.win32_1.0.0.202411081344/tools/bin/../lib/gcc/arm-none-eabi/13.3.1/../../../../arm-none-eabi/lib/thumb/v7e-m+fp/hard\libc_nano.a(libc_a-findfp.o)
 .ARM.attributes
                0x0000058b       0x34 C:/ST/STM32CubeIDE_1.19.0/STM32CubeIDE/plugins/com.st.stm32cube.ide.mcu.externaltools.gnu-tools-for-stm32.13.3.rel1.win32_1.0.0.202411081344/tools/bin/../lib/gcc/arm-none-eabi/13.3.1/../../../../arm-none-eabi/lib/thumb/v7e-m+fp/hard\libc_nano.a(libc_a-memset.o)
 .ARM.attributes
                0x000005bf       0x34 C:/ST/STM32CubeIDE_1.19.0/STM32CubeIDE/plugins/com.st.stm32cube.ide.mcu.externaltools.gnu-tools-for-stm32.13.3.rel1.win32_1.0.0.202411081344/tools/bin/../lib/gcc/arm-none-eabi/13.3.1/../../../../arm-none-eabi/lib/thumb/v7e-m+fp/hard\libc_nano.a(libc_a-reent.o)
 .ARM.attributes
                0x000005f3       0x34 C:/ST/STM32CubeIDE_1.19.0/STM32CubeIDE/plugins/com.st.stm32cube.ide.mcu.externaltools.gnu-tools-for-stm32.13.3.rel1.win32_1.0.0.202411081344/tools/bin/../lib/gcc/arm-none-eabi/13.3.1/../../../../arm-none-eabi/lib/thumb/v7e-m+fp/hard\libc_nano.a(libc_a-impure.o)
 .ARM.attributes
                0x00000627       0x34 C:/ST/STM32CubeIDE_1.19.0/STM32CubeIDE/plugins/com.st.stm32cube.ide.mcu.externaltools.gnu-tools-for-stm32.13.3.rel1.win32_1.0.0.202411081344/tools/bin/../lib/gcc/arm-none-eabi/13.3.1/../../../../arm-none-eabi/lib/thumb/v7e-m+fp/hard\libc_nano.a(libc_a-init.o)
 .ARM.attributes
                0x0000065b       0x34 C:/ST/STM32CubeIDE_1.19.0/STM32CubeIDE/plugins/com.st.stm32cube.ide.mcu.externaltools.gnu-tools-for-stm32.13.3.rel1.win32_1.0.0.202411081344/tools/bin/../lib/gcc/arm-none-eabi/13.3.1/../../../../arm-none-eabi/lib/thumb/v7e-m+fp/hard\libc_nano.a(libc_a-lock.o)
 .ARM.attributes
                0x0000068f       0x34 C:/ST/STM32CubeIDE_1.19.0/STM32CubeIDE/plugins/com.st.stm32cube.ide.mcu.externaltools.gnu-tools-for-stm32.13.3.rel1.win32_1.0.0.202411081344/tools/bin/../lib/gcc/arm-none-eabi/13.3.1/../../../../arm-none-eabi/lib/thumb/v7e-m+fp/hard\libc_nano.a(libc_a-memcpy-stub.o)
 .ARM.attributes
                0x000006c3       0x34 C:/ST/STM32CubeIDE_1.19.0/STM32CubeIDE/plugins/com.st.stm32cube.ide.mcu.externaltools.gnu-tools-for-stm32.13.3.rel1.win32_1.0.0.202411081344/tools/bin/../lib/gcc/arm-none-eabi/13.3.1/../../../../arm-none-eabi/lib/thumb/v7e-m+fp/hard\libc_nano.a(libc_a-freer.o)
 .ARM.attributes
                0x000006f7       0x34 C:/ST/STM32CubeIDE_1.19.0/STM32CubeIDE/plugins/com.st.stm32cube.ide.mcu.externaltools.gnu-tools-for-stm32.13.3.rel1.win32_1.0.0.202411081344/tools/bin/../lib/gcc/arm-none-eabi/13.3.1/../../../../arm-none-eabi/lib/thumb/v7e-m+fp/hard\libc_nano.a(libc_a-mallocr.o)
 .ARM.attributes
                0x0000072b       0x34 C:/ST/STM32CubeIDE_1.19.0/STM32CubeIDE/plugins/com.st.stm32cube.ide.mcu.externaltools.gnu-tools-for-stm32.13.3.rel1.win32_1.0.0.202411081344/tools/bin/../lib/gcc/arm-none-eabi/13.3.1/../../../../arm-none-eabi/lib/thumb/v7e-m+fp/hard\libc_nano.a(libc_a-mlock.o)
 .ARM.attributes
                0x0000075f       0x22 C:/ST/STM32CubeIDE_1.19.0/STM32CubeIDE/plugins/com.st.stm32cube.ide.mcu.externaltools.gnu-tools-for-stm32.13.3.rel1.win32_1.0.0.202411081344/tools/bin/../lib/gcc/arm-none-eabi/13.3.1/thumb/v7e-m+fp/hard\libgcc.a(_arm_muldf3.o)
 .ARM.attributes
                0x00000781       0x22 C:/ST/STM32CubeIDE_1.19.0/STM32CubeIDE/plugins/com.st.stm32cube.ide.mcu.externaltools.gnu-tools-for-stm32.13.3.rel1.win32_1.0.0.202411081344/tools/bin/../lib/gcc/arm-none-eabi/13.3.1/thumb/v7e-m+fp/hard\libgcc.a(_arm_addsubdf3.o)
 .ARM.attributes
                0x000007a3       0x22 C:/ST/STM32CubeIDE_1.19.0/STM32CubeIDE/plugins/com.st.stm32cube.ide.mcu.externaltools.gnu-tools-for-stm32.13.3.rel1.win32_1.0.0.202411081344/tools/bin/../lib/gcc/arm-none-eabi/13.3.1/thumb/v7e-m+fp/hard\libgcc.a(_arm_truncdfsf2.o)
 .ARM.attributes
                0x000007c5       0x22 C:/ST/STM32CubeIDE_1.19.0/STM32CubeIDE/plugins/com.st.stm32cube.ide.mcu.externaltools.gnu-tools-for-stm32.13.3.rel1.win32_1.0.0.202411081344/tools/bin/../lib/gcc/arm-none-eabi/13.3.1/thumb/v7e-m+fp/hard\libgcc.a(_aeabi_uldivmod.o)
 .ARM.attributes
                0x000007e7       0x34 C:/ST/STM32CubeIDE_1.19.0/STM32CubeIDE/plugins/com.st.stm32cube.ide.mcu.externaltools.gnu-tools-for-stm32.13.3.rel1.win32_1.0.0.202411081344/tools/bin/../lib/gcc/arm-none-eabi/13.3.1/thumb/v7e-m+fp/hard\libgcc.a(_udivmoddi4.o)
 .ARM.attributes
                0x0000081b       0x22 C:/ST/STM32CubeIDE_1.19.0/STM32CubeIDE/plugins/com.st.stm32cube.ide.mcu.externaltools.gnu-tools-for-stm32.13.3.rel1.win32_1.0.0.202411081344/tools/bin/../lib/gcc/arm-none-eabi/13.3.1/thumb/v7e-m+fp/hard\libgcc.a(_dvmd_tls.o)
 .ARM.attributes
                0x0000083d       0x22 C:/ST/STM32CubeIDE_1.19.0/STM32CubeIDE/plugins/com.st.stm32cube.ide.mcu.externaltools.gnu-tools-for-stm32.13.3.rel1.win32_1.0.0.202411081344/tools/bin/../lib/gcc/arm-none-eabi/13.3.1/thumb/v7e-m+fp/hard/crtn.o
OUTPUT(STM_Licenta.elf elf32-littlearm)
LOAD linker stubs
LOAD C:/ST/STM32CubeIDE_1.19.0/STM32CubeIDE/plugins/com.st.stm32cube.ide.mcu.externaltools.gnu-tools-for-stm32.13.3.rel1.win32_1.0.0.202411081344/tools/bin/../lib/gcc/arm-none-eabi/13.3.1/../../../../arm-none-eabi/lib/thumb/v7e-m+fp/hard\libc.a
LOAD C:/ST/STM32CubeIDE_1.19.0/STM32CubeIDE/plugins/com.st.stm32cube.ide.mcu.externaltools.gnu-tools-for-stm32.13.3.rel1.win32_1.0.0.202411081344/tools/bin/../lib/gcc/arm-none-eabi/13.3.1/../../../../arm-none-eabi/lib/thumb/v7e-m+fp/hard\libm.a
LOAD C:/ST/STM32CubeIDE_1.19.0/STM32CubeIDE/plugins/com.st.stm32cube.ide.mcu.externaltools.gnu-tools-for-stm32.13.3.rel1.win32_1.0.0.202411081344/tools/bin/../lib/gcc/arm-none-eabi/13.3.1/thumb/v7e-m+fp/hard\libgcc.a

.debug_info     0x00000000    0x1f9d7
 .debug_info    0x00000000     0x28dd ./Core/Src/main.o
 .debug_info    0x000028dd     0x161e ./Core/Src/stm32l4xx_hal_msp.o
 .debug_info    0x00003efb      0xe3c ./Core/Src/stm32l4xx_hal_timebase_tim.o
 .debug_info    0x00004d37      0xd45 ./Core/Src/stm32l4xx_it.o
 .debug_info    0x00005a7c      0x5fe ./Core/Src/system_stm32l4xx.o
 .debug_info    0x0000607a       0x30 ./Core/Startup/startup_stm32l452retxp.o
 .debug_info    0x000060aa      0xbcb ./Drivers/STM32L4xx_HAL_Driver/Src/stm32l4xx_hal.o
 .debug_info    0x00006c75      0xd65 ./Drivers/STM32L4xx_HAL_Driver/Src/stm32l4xx_hal_cortex.o
 .debug_info    0x000079da      0x71a ./Drivers/STM32L4xx_HAL_Driver/Src/stm32l4xx_hal_dma.o
 .debug_info    0x000080f4      0x7ab ./Drivers/STM32L4xx_HAL_Driver/Src/stm32l4xx_hal_gpio.o
 .debug_info    0x0000889f      0x94c ./Drivers/STM32L4xx_HAL_Driver/Src/stm32l4xx_hal_pwr_ex.o
 .debug_info    0x000091eb      0xc01 ./Drivers/STM32L4xx_HAL_Driver/Src/stm32l4xx_hal_rcc.o
 .debug_info    0x00009dec      0xf7b ./Drivers/STM32L4xx_HAL_Driver/Src/stm32l4xx_hal_rcc_ex.o
 .debug_info    0x0000ad67     0x2e5c ./Drivers/STM32L4xx_HAL_Driver/Src/stm32l4xx_hal_tim.o
 .debug_info    0x0000dbc3     0x1871 ./Drivers/STM32L4xx_HAL_Driver/Src/stm32l4xx_hal_tim_ex.o
 .debug_info    0x0000f434     0x3e3b ./Drivers/STM32L4xx_HAL_Driver/Src/stm32l4xx_hal_uart.o
 .debug_info    0x0001326f      0xebc ./Drivers/STM32L4xx_HAL_Driver/Src/stm32l4xx_hal_uart_ex.o
 .debug_info    0x0001412b     0x40ef ./Middlewares/Third_Party/FreeRTOS/Source/CMSIS_RTOS_V2/cmsis_os2.o
 .debug_info    0x0001821a      0xbd1 ./Middlewares/Third_Party/FreeRTOS/Source/event_groups.o
 .debug_info    0x00018deb      0x2af ./Middlewares/Third_Party/FreeRTOS/Source/list.o
 .debug_info    0x0001909a     0x1b79 ./Middlewares/Third_Party/FreeRTOS/Source/queue.o
 .debug_info    0x0001ac13     0x28c1 ./Middlewares/Third_Party/FreeRTOS/Source/tasks.o
 .debug_info    0x0001d4d4     0x1b50 ./Middlewares/Third_Party/FreeRTOS/Source/timers.o
 .debug_info    0x0001f024      0x4de ./Middlewares/Third_Party/FreeRTOS/Source/portable/GCC/ARM_CM4F/port.o
 .debug_info    0x0001f502      0x4d5 ./Middlewares/Third_Party/FreeRTOS/Source/portable/MemMang/heap_4.o

.debug_abbrev   0x00000000     0x3fb9
 .debug_abbrev  0x00000000      0x3ee ./Core/Src/main.o
 .debug_abbrev  0x000003ee      0x240 ./Core/Src/stm32l4xx_hal_msp.o
 .debug_abbrev  0x0000062e      0x20c ./Core/Src/stm32l4xx_hal_timebase_tim.o
 .debug_abbrev  0x0000083a      0x1ab ./Core/Src/stm32l4xx_it.o
 .debug_abbrev  0x000009e5      0x117 ./Core/Src/system_stm32l4xx.o
 .debug_abbrev  0x00000afc       0x24 ./Core/Startup/startup_stm32l452retxp.o
 .debug_abbrev  0x00000b20      0x243 ./Drivers/STM32L4xx_HAL_Driver/Src/stm32l4xx_hal.o
 .debug_abbrev  0x00000d63      0x31c ./Drivers/STM32L4xx_HAL_Driver/Src/stm32l4xx_hal_cortex.o
 .debug_abbrev  0x0000107f      0x1fd ./Drivers/STM32L4xx_HAL_Driver/Src/stm32l4xx_hal_dma.o
 .debug_abbrev  0x0000127c      0x1d1 ./Drivers/STM32L4xx_HAL_Driver/Src/stm32l4xx_hal_gpio.o
 .debug_abbrev  0x0000144d      0x1f9 ./Drivers/STM32L4xx_HAL_Driver/Src/stm32l4xx_hal_pwr_ex.o
 .debug_abbrev  0x00001646      0x2dc ./Drivers/STM32L4xx_HAL_Driver/Src/stm32l4xx_hal_rcc.o
 .debug_abbrev  0x00001922      0x2a0 ./Drivers/STM32L4xx_HAL_Driver/Src/stm32l4xx_hal_rcc_ex.o
 .debug_abbrev  0x00001bc2      0x29a ./Drivers/STM32L4xx_HAL_Driver/Src/stm32l4xx_hal_tim.o
 .debug_abbrev  0x00001e5c      0x295 ./Drivers/STM32L4xx_HAL_Driver/Src/stm32l4xx_hal_tim_ex.o
 .debug_abbrev  0x000020f1      0x305 ./Drivers/STM32L4xx_HAL_Driver/Src/stm32l4xx_hal_uart.o
 .debug_abbrev  0x000023f6      0x2d0 ./Drivers/STM32L4xx_HAL_Driver/Src/stm32l4xx_hal_uart_ex.o
 .debug_abbrev  0x000026c6      0x547 ./Middlewares/Third_Party/FreeRTOS/Source/CMSIS_RTOS_V2/cmsis_os2.o
 .debug_abbrev  0x00002c0d      0x322 ./Middlewares/Third_Party/FreeRTOS/Source/event_groups.o
 .debug_abbrev  0x00002f2f       0xf5 ./Middlewares/Third_Party/FreeRTOS/Source/list.o
 .debug_abbrev  0x00003024      0x3b6 ./Middlewares/Third_Party/FreeRTOS/Source/queue.o
 .debug_abbrev  0x000033da      0x3fe ./Middlewares/Third_Party/FreeRTOS/Source/tasks.o
 .debug_abbrev  0x000037d8      0x368 ./Middlewares/Third_Party/FreeRTOS/Source/timers.o
 .debug_abbrev  0x00003b40      0x25c ./Middlewares/Third_Party/FreeRTOS/Source/portable/GCC/ARM_CM4F/port.o
 .debug_abbrev  0x00003d9c      0x21d ./Middlewares/Third_Party/FreeRTOS/Source/portable/MemMang/heap_4.o

.debug_aranges  0x00000000     0x18b0
 .debug_aranges
                0x00000000       0xb0 ./Core/Src/main.o
 .debug_aranges
                0x000000b0       0x48 ./Core/Src/stm32l4xx_hal_msp.o
 .debug_aranges
                0x000000f8       0x30 ./Core/Src/stm32l4xx_hal_timebase_tim.o
 .debug_aranges
                0x00000128       0x70 ./Core/Src/stm32l4xx_it.o
 .debug_aranges
                0x00000198       0x28 ./Core/Src/system_stm32l4xx.o
 .debug_aranges
                0x000001c0       0x28 ./Core/Startup/startup_stm32l452retxp.o
 .debug_aranges
                0x000001e8      0x130 ./Drivers/STM32L4xx_HAL_Driver/Src/stm32l4xx_hal.o
 .debug_aranges
                0x00000318      0x128 ./Drivers/STM32L4xx_HAL_Driver/Src/stm32l4xx_hal_cortex.o
 .debug_aranges
                0x00000440       0x80 ./Drivers/STM32L4xx_HAL_Driver/Src/stm32l4xx_hal_dma.o
 .debug_aranges
                0x000004c0       0x58 ./Drivers/STM32L4xx_HAL_Driver/Src/stm32l4xx_hal_gpio.o
 .debug_aranges
                0x00000518      0x128 ./Drivers/STM32L4xx_HAL_Driver/Src/stm32l4xx_hal_pwr_ex.o
 .debug_aranges
                0x00000640       0x90 ./Drivers/STM32L4xx_HAL_Driver/Src/stm32l4xx_hal_rcc.o
 .debug_aranges
                0x000006d0       0xf0 ./Drivers/STM32L4xx_HAL_Driver/Src/stm32l4xx_hal_rcc_ex.o
 .debug_aranges
                0x000007c0      0x3f8 ./Drivers/STM32L4xx_HAL_Driver/Src/stm32l4xx_hal_tim.o
 .debug_aranges
                0x00000bb8      0x180 ./Drivers/STM32L4xx_HAL_Driver/Src/stm32l4xx_hal_tim_ex.o
 .debug_aranges
                0x00000d38      0x250 ./Drivers/STM32L4xx_HAL_Driver/Src/stm32l4xx_hal_uart.o
 .debug_aranges
                0x00000f88       0x80 ./Drivers/STM32L4xx_HAL_Driver/Src/stm32l4xx_hal_uart_ex.o
 .debug_aranges
                0x00001008      0x2b0 ./Middlewares/Third_Party/FreeRTOS/Source/CMSIS_RTOS_V2/cmsis_os2.o
 .debug_aranges
                0x000012b8       0x90 ./Middlewares/Third_Party/FreeRTOS/Source/event_groups.o
 .debug_aranges
                0x00001348       0x40 ./Middlewares/Third_Party/FreeRTOS/Source/list.o
 .debug_aranges
                0x00001388      0x158 ./Middlewares/Third_Party/FreeRTOS/Source/queue.o
 .debug_aranges
                0x000014e0      0x208 ./Middlewares/Third_Party/FreeRTOS/Source/tasks.o
 .debug_aranges
                0x000016e8       0xf0 ./Middlewares/Third_Party/FreeRTOS/Source/timers.o
 .debug_aranges
                0x000017d8       0x80 ./Middlewares/Third_Party/FreeRTOS/Source/portable/GCC/ARM_CM4F/port.o
 .debug_aranges