../Drivers/CMSIS/Include/core_cm4.h:2059:26:ITM_SendChar	16	static,ignoring_inline_asm
../Core/Src/main.c:107:5:__io_putchar	16	static
../Core/Src/main.c:120:5:main	16	static
../Core/Src/main.c:226:6:SystemClock_Config	96	static
../Core/Src/main.c:276:13:MX_TIM1_Init	112	static
../Core/Src/main.c:368:13:MX_TIM2_Init	40	static
../Core/Src/main.c:413:13:MX_TIM3_Init	40	static
../Core/Src/main.c:458:13:MX_UART4_Init	8	static
../Core/Src/main.c:493:13:MX_USART2_UART_Init	8	static
../Core/Src/main.c:528:13:MX_GPIO_Init	48	static
../Core/Src/main.c:631:6:InitializeMotorAtts	4	static
../Core/Src/main.c:670:6:HAL_GPIO_EXTI_Callback	16	static
../Core/Src/main.c:690:6:HAL_UART_RxCpltCallback	24	static
../Core/Src/main.c:811:6:StartDefaultTask	24	static
../Core/Src/main.c:852:6:TransmitTask	120	static
../Core/Src/main.c:908:6:ReadDistanceTask	32	static
../Core/Src/main.c:962:6:HAL_TIM_PeriodElapsedCallback	16	static
../Core/Src/main.c:980:6:Error_Handler	4	static,ignoring_inline_asm
