../Drivers/CMSIS/Include/core_cm4.h:2059:26:ITM_SendChar	16	static,ignoring_inline_asm
../Core/Src/main.c:118:5:__io_putchar	16	static
../Core/Src/main.c:131:5:main	16	static
../Core/Src/main.c:261:6:SystemClock_Config	96	static
../Core/Src/main.c:311:13:MX_TIM1_Init	112	static
../Core/Src/main.c:403:13:MX_TIM2_Init	56	static
../Core/Src/main.c:473:13:MX_TIM3_Init	40	static
../Core/Src/main.c:518:13:MX_TIM15_Init	112	static
../Core/Src/main.c:593:13:MX_UART4_Init	8	static
../Core/Src/main.c:628:13:MX_GPIO_Init	48	static
../Core/Src/main.c:728:6:InitializeServo	4	static
../Core/Src/main.c:734:6:InitializeMotorAtts	4	static
../Core/Src/main.c:780:6:HAL_TIM_IC_CaptureCallback	24	static
../Core/Src/main.c:818:6:HAL_UART_RxCpltCallback	24	static
../Core/Src/main.c:973:6:StartDefaultTask	16	static
../Core/Src/main.c:1003:6:TransmitTask	40	static
../Core/Src/main.c:1079:6:ReadDistanceTask	32	static
../Core/Src/main.c:1133:6:HAL_TIM_PeriodElapsedCallback	16	static
../Core/Src/main.c:1151:6:Error_Handler	4	static,ignoring_inline_asm
